[INFO] Start profiling....
Hadamard=0.111 ms fused=0.27739 ms unfused=0.20027 ms; packed equal
[INFO] Start export data in PROF_000001_20260920073415146_00061535ACCJIAQA.
Sun 20 Sep 2026 07:34:17 [WARNING] [MSVP] [61573] msprof_entrance.py: Msprof analysis is parsing data as root, which may cause potential system security risks.
Sun 20 Sep 2026 07:34:17 [INFO] [MSVP] [61576] msprof_common.py: Start analyzing data in "/root/camp/03_hadamard_tc/zmuxuny/results/ascend/profile/nvfp4_fp16/trace/PROF_000001_20260920073415146_00061535ACCJIAQA/host" ...
Sun 20 Sep 2026 07:34:17 [INFO] [MSVP] [61576] msprof_common.py: It may take few minutes, please be patient ...
Sun 20 Sep 2026 07:34:17 [INFO] [MSVP] [61576] msprof_common.py: Analysis data in "/root/camp/03_hadamard_tc/zmuxuny/results/ascend/profile/nvfp4_fp16/trace/PROF_000001_20260920073415146_00061535ACCJIAQA/host" finished.
Sun 20 Sep 2026 07:34:17 [INFO] [MSVP] [61576] msprof_common.py: Start analyzing data in "/root/camp/03_hadamard_tc/zmuxuny/results/ascend/profile/nvfp4_fp16/trace/PROF_000001_20260920073415146_00061535ACCJIAQA/device_0" ...
Sun 20 Sep 2026 07:34:17 [INFO] [MSVP] [61576] msprof_common.py: It may take few minutes, please be patient ...
Sun 20 Sep 2026 07:34:17 [INFO] [MSVP] [61576] msprof_common.py: Analysis data in "/root/camp/03_hadamard_tc/zmuxuny/results/ascend/profile/nvfp4_fp16/trace/PROF_000001_20260920073415146_00061535ACCJIAQA/device_0" finished.
Sun 20 Sep 2026 07:34:17 [INFO] [MSVP] [61576] msprof_export.py: All collected data will be exported, path is: /root/camp/03_hadamard_tc/zmuxuny/results/ascend/profile/nvfp4_fp16/trace/PROF_000001_20260920073415146_00061535ACCJIAQA/device_0.
Sun 20 Sep 2026 07:34:18 [WARNING] [MSVP] [61742] msprof_entrance.py: Msprof analysis is parsing data as root, which may cause potential system security risks.
Sun 20 Sep 2026 07:34:18 [INFO] [MSVP] [61745] msprof_export.py: The data in "/root/camp/03_hadamard_tc/zmuxuny/results/ascend/profile/nvfp4_fp16/trace/PROF_000001_20260920073415146_00061535ACCJIAQA/host" has been analyzed. Parsing phase will be skipped.
Sun 20 Sep 2026 07:34:18 [INFO] [MSVP] [61745] msprof_export.py: The data in "/root/camp/03_hadamard_tc/zmuxuny/results/ascend/profile/nvfp4_fp16/trace/PROF_000001_20260920073415146_00061535ACCJIAQA/device_0" has been analyzed. Parsing phase will be skipped.
Sun 20 Sep 2026 07:34:18 [INFO] [MSVP] [61745] msprof_export.py: All collected data will be exported, path is: /root/camp/03_hadamard_tc/zmuxuny/results/ascend/profile/nvfp4_fp16/trace/PROF_000001_20260920073415146_00061535ACCJIAQA/device_0.
Sun 20 Sep 2026 07:34:18 [INFO] [MSVP] [61745] msprof_export.py: There is no summary data to export for "/root/camp/03_hadamard_tc/zmuxuny/results/ascend/profile/nvfp4_fp16/trace/PROF_000001_20260920073415146_00061535ACCJIAQA/host"
Sun 20 Sep 2026 07:34:18 [INFO] [MSVP] [61745] msprof_export.py: All collected data will be exported, path is: /root/camp/03_hadamard_tc/zmuxuny/results/ascend/profile/nvfp4_fp16/trace/PROF_000001_20260920073415146_00061535ACCJIAQA/device_0.
Sun 20 Sep 2026 07:34:18 [INFO] [MSVP] [61745] msprof_export.py: There is no summary data to export for "/root/camp/03_hadamard_tc/zmuxuny/results/ascend/profile/nvfp4_fp16/trace/PROF_000001_20260920073415146_00061535ACCJIAQA/device_0"
Sun 20 Sep 2026 07:34:18 [INFO] [MSVP] [61745] msprof_common.py: Start exporting summary output_file.
Sun 20 Sep 2026 07:34:18 [INFO] [MSVP] [61745] msprof_common.py: End exporting summary output_file.The file is stored in the /root/camp/03_hadamard_tc/zmuxuny/results/ascend/profile/nvfp4_fp16/trace/PROF_000001_20260920073415146_00061535ACCJIAQA/mindstudio_profiler_output path.
[INFO] Export all data in PROF_000001_20260920073415146_00061535ACCJIAQA done.
[INFO] Start query data in PROF_000001_20260920073415146_00061535ACCJIAQA.
Sun 20 Sep 2026 07:34:19 [WARNING] [MSVP] [61784] msprof_entrance.py: Msprof analysis is parsing data as root, which may cause potential system security risks.
Job Info	Device ID	Dir Name	Collection Time           	Model ID	Iteration Number	Top Time Iteration	Rank ID	

NA      	         	host    	2026-09-20 07:34:15.664720	N/A     	N/A             	N/A               	-1     	

NA      	0        	device_0	2026-09-20 07:34:15.667481	N/A     	N/A             	N/A               	-1     	

[INFO] Query all data in PROF_000001_20260920073415146_00061535ACCJIAQA done.
[INFO] Profiling finished.
[INFO] Process profiling data complete. Data is saved in /root/camp/03_hadamard_tc/zmuxuny/results/ascend/profile/nvfp4_fp16/trace/PROF_000001_20260920073415146_00061535ACCJIAQA
