
**** collection configuration ****
        trace_cuda = true
        trace_osrt = false
        trace_nvtx = false
        trace_cudnn = false
        trace_cuinfer = false
        trace_video = false
        trace_power = false
        trace_temperature = false
        trace_raw_syscalls = false
        trace_proc_kthread = false
        trace_metric_sampling = false
        trace_callstack = false
        trace_mem = false
        nic_metrics = false
        event_sync = false
        filter_processes = false
        print_kernel_args = false
        application command = /root/camp/02_quant_dequant/zmuxuny/build/iluvatar/quantize
        application arguments = --input /tmp/iluvatar-profile-ym80c_4r/input --output /tmp/iluvatar-profile-ym80c_4r/out --packed /tmp/iluvatar-profile-ym80c_4r/packed --log /root/camp/02_quant_dequant/zmuxuny/results/iluvatar/profile/trace_mxfp8_fp16/metrics.json --repeats 3 --config /root/camp/02_quant_dequant/zmuxuny/configs/mxfp8.toml
quant=0.0180218 ms dequant=0.012309 ms CPU/GPU exact match

    Waiting for converting temporary file to /root/camp/02_quant_dequant/zmuxuny/results/iluvatar/profile/trace_mxfp8_fp16/trace.ixsys   [?25l.  
    Waiting for filter small slices from file /root/camp/02_quant_dequant/zmuxuny/results/iluvatar/profile/trace_mxfp8_fp16/trace.ixsys
    Waiting for inserting CUDA data from /tmp/19003/injectionDB.19028.sqlite ...

Report file /root/camp/02_quant_dequant/zmuxuny/results/iluvatar/profile/trace_mxfp8_fp16/trace.ixsys saved.[?25h

==19028== Profiling application: /root/camp/02_quant_dequant/zmuxuny/build/iluvatar/quantize --input /tmp/iluvatar-profile-ym80c_4r/input --output /tmp/iluvatar-profile-ym80c_4r/out --packed /tmp/iluvatar-profile-ym80c_4r/packed --log /root/camp/02_quant_dequant/zmuxuny/results/iluvatar/profile/trace_mxfp8_fp16/metrics.json --repeats 3 --config /root/camp/02_quant_dequant/zmuxuny/configs/mxfp8.toml 
==19028== Profiling result:
Summary data:
            Type  Time(%)      Time     Calls       Avg       Min       Max  Name
 GPU activities:   40.19%  616.19us         7  88.027us  86.742us  90.900us  [CUDA memcpy HtoD]
                   37.83%  579.95us        10  57.995us  2.1000us  83.788us  [CUDA memcpy DtoH]
                   13.28%  203.72us        12  16.977us  15.876us  18.792us  void lp::quant_vector_kernel<0, 1, 4>(void const*, unsigned char*, unsigned char*, float const*, lp::Layout)
                    8.55%  131.17us        12  10.930us  10.630us  11.246us  void lp::dequant_vector_kernel<0, 1, 8>(unsigned char const*, unsigned char const*, float, void*, lp::Layout)
                    0.12%  1.9230us         1  1.9230us  1.9230us  1.9230us  [CUDA memset]

