==21428== IXKN-CLI is profiling process 21428, command: /root/camp/03_hadamard_tc/zmuxuny/build/iluvatar/hadamard --input /tmp/iluvatar-profile-7kbu4vok/input --output /tmp/iluvatar-profile-7kbu4vok/out --packed /tmp/iluvatar-profile-7kbu4vok/packed --log /root/camp/03_hadamard_tc/zmuxuny/results/iluvatar/profile/counters_mxfp8_fp16/metrics.json --repeats 1 --format mxfp8 --materialized_compare 1 
==21428== Some kernel(s) will be replayed on device 0 in order to collect all events/metrics.
==21428== Replaying kernel "void lp::hadamard_mma_kernel<1024, 1, 2, 0, 1>(unsigned short const*, unsigned short*, unsigned long, bool, bool, unsigned int, unsigned char*, unsigned char*, float*, lp::Layout)" (done)
Hadamard=0.182615 ms fused=0.305892 ms unfused=0.273065 ms; packed equal
==21428== Profiling application: /root/camp/03_hadamard_tc/zmuxuny/build/iluvatar/hadamard --input /tmp/iluvatar-profile-7kbu4vok/input --output /tmp/iluvatar-profile-7kbu4vok/out --packed /tmp/iluvatar-profile-7kbu4vok/packed --log /root/camp/03_hadamard_tc/zmuxuny/results/iluvatar/profile/counters_mxfp8_fp16/metrics.json --repeats 1 --format mxfp8 --materialized_compare 1 
==21428== Profiling result:
==21428== Section Results:
  Kernel: void lp::hadamard_mma_kernel<1024, 1, 2, 0, 1>(unsigned short const*, unsigned short*, unsigned long, bool, bool, unsigned int, unsigned char*, unsigned char*, float*, lp::Layout) (8192,1,1)x(64,1,1), Context 1, Stream 1, Correlation Id 296
    Section: GPU Speed Of Light
    ------------------------------------------------------------------------- ---------------- -------------
    Duration                                                                         144496.00 Ns             
    Elapsed Cycles                                                                    13667136 Cycles         
    SPP Active Cycles                                                                 13382202 Cycles         
    Scheduler(NS) Issue Cycles                                                        12186942 Cycles         
    ALU Active Cycles                                                                 12694276 Cycles         
    ALU Calculate Cycles                                                              11202441 Cycles         
    -ALU Calculate Cycles(Upper limit)                                                11240972 Cycles         
    -ALU Calculate Cycles(Lower limit)                                                11191820 Cycles         
    LSU Active Cycles                                                                 10590173 Cycles         
    L1 Vector Cache Active Cycles                                                      2923506 Cycles         
    Flop HP Efficiency                                                                  0.0000 %              
    Flop SP Efficiency                                                                  5.5123 %              
    TCU Efficiency                                                                      1.9589 %              
    L1 Read Efficiency                                                                  3.9790 %              
    L2 Read Efficiency                                                                  9.3883 %              
    Dram Read Efficiency                                                               15.0745 %              
    ------------------------------------------------------------------------- ---------------- -------------
    INF: High-level overview of the usage for compute and memory resources of the GPU.
    INF: High Throughput --- The kernel is utilizing greater than 80% of the available compute or memory
performance of the device. To further improve performance, work will likely need to be shifted from the
most utilized to another unit. Start by analyzing workloads in the Compute Workload Analysis section.

    Section: Compute Workload Analysis
    ------------------------------------------------------------------------- ---------------- -------------
    Executed IPC Active                                                                 1.3292 Inst/Cycle     
    Executed IPC Elapsed                                                                1.3015 Inst/Cycle     
    SPP Activity Busy                                                                    97.92 %              
    Scheduler(NS) Issue Busy                                                             91.07 %              
    Control Flow Unit Utilization                                                        29.98 %              
    ALU Utilization                                                                      94.86 %              
    ------------------------------------------------------------------------- ---------------- -------------
    INF: Analysis of the compute resources utilization by average on all SPP.
    WRN: High Utilization --- BFU is the highest-utilized pipeline (99.55%). The pipeline is over-utilized and
likely a performance bottleneck.
    WRN: High Integer Compute --- The utilization of integer compute pipeline is 70.62%, check if this kernel
doing too much work for flow control or offset calculation.

    Section: Memory Access
    ------------------------------------------------------------------------- ---------------- -------------
    LSU Utilization                                                                      79.14 %              
    LSU--Global Memory Utilization                                                       60.74 %              
    LSU--Shared Memory Utilization                                                       46.63 %              
    Global Memory Load Throughput                                                       219.65 GB/s           
    Global Memory Store Throughput                                                      324.40 GB/s           
    Shared Memory Load Throughput                                                            0 B/s            
    Shared Memory Store Throughput                                                           0 B/s            
    Shared Load Bank Conflict                                                                0 Conflicts      
    Shared Store Bank Conflict                                                         2752512 Conflicts      
    L1VK Unit Utilization                                                                21.85 %              
    L1 Vector Cache Load Hit Rate                                                        50.74 %              
    L2 Cache Load Hit Rate                                                               16.46 %              
    L2 Cache to Memory Access                                                           285880 Requests       
    Memory Access Throughput                                                            117.93 GB/s           
    ------------------------------------------------------------------------- ---------------- -------------
    INF: Summary of Memory access operations.
    WRN: Bank Conflict --- Shared memory bank conflict happens, which caused by more than one threads accessing
the same shared memory bank at the same time. Try to avoid accessing shared memory in this way to eliminate
bank conflicts.

    Section: Scheduler Statistics
    ------------------------------------------------------------------------- ---------------- -------------
    Maximum Warps Per Scheduler(NS)                                                          8 Warps          
    Active Warps Per Scheduler(NS)                                                    4.760750 Warps          
    Eligible Warps Per Scheduler(NS)                                                  2.583554 Warps          
    Issued(Selected) Warps Per Scheduler(NS)                                          1.329223 Warps          
    Stalled Warps Per Scheduler(NS)                                                   2.197092 Warps          
    No Eligible                                                                           8.93 %              
    One or More Eligible                                                                 91.07 %              
    ------------------------------------------------------------------------- ---------------- -------------
    INF: Summary of the activities on the Schedulers(NS).

    Section: Warp State Statistics
    ------------------------------------------------------------------------- ---------------- -------------
    Avg. Active Threads Per Warp                                                         57.48 Threads        
    Warp Execution Efficiency                                                            89.82 %              
    Executed Instructions Per Warp                                                     2171.38 Instructions   
    Warp Stalled by Memory Dependency                                                    14.51 %              
    Warp Stalled by Memory Throttle                                                       1.91 %              
    Warp Stalled by Pipeline Busy                                                         1.32 %              
    Warp Stalled by Execution Dependency                                                  7.40 %              
    Warp Stalled by Synchronization                                                       0.00 %              
    Warp Stalled by Insturction Fetch                                                    16.14 %              
    Warp Stalled by Other Reasons                                                         5.53 %              
    ------------------------------------------------------------------------- ---------------- -------------
    INF: Statistics of Warp state scheduled by NS.

    Section: Instruction Statistics
    ------------------------------------------------------------------------- ---------------- -------------
    Executed IPC                                                                        1.3292 Inst/Cycle     
    Executed Instructions                                                             17787928 Instructions   
    Single-Lane Memory Instructions                                                      16384 Instructions   
    Single-Lane ALU Instructions                                                       4547334 Instructions   
    Single-Lane Control Flow Instructions                                               942854 Instructions   
    Multi-Lane Memory Instructions                                                     1318912 Instructions   
     -Multi-Lane Global Memory Instructions                                             401408 Instructions   
     -Multi-Lane Shared Memory Instructions                                             917504 Instructions   
     -Multi-Lane SME Memory Instructions                                                     0 Instructions   
    Multi-Lane ALU Instructions                                                       10962444 Instructions   
     -Multi-Lane ALU Integer Instructions                                              7742214 Instructions   
     -Multi-Lane ALU Half Float Instructions                                            131072 Instructions   
     -Multi-Lane ALU Single Float Instructions                                         3089158 Instructions   
     +BFU Instructions                                                                10913292 Instructions   
     +SFU Instructions                                                                   16384 Instructions   
     +Multi-Lane Matrix Instructions                                                     32768 Instructions   
     +Multi-Lane 4-Pass Multiply Instructions                                                0 Instructions   
    ------------------------------------------------------------------------- ---------------- -------------
    INF: Statistics of Instructions issued and executed by the kernel.

    Section: Launch Statistics
    ------------------------------------------------------------------------- ---------------- -------------
    Grid Size                                                                     [8192, 1, 1]                
    Block Size                                                                      [64, 1, 1]                
    Launched Warps                                                                        8192 Warps          
    Threads                                                                             524288 Threads        
    Scalar Register                                                                         38 Registers/Warp 
    Vector Register                                                                         44 Registers/Thread
    Dynamic Shared Memory                                                                    0 Bytes/Block    
    Static Shared Memory                                                                     0 Bytes/Block    
    Local Memory                                                                             8 Bytes/Thread   
    ------------------------------------------------------------------------- ---------------- -------------
    INF: General information of Launch Statistics.

    Section: Occupancy
    ------------------------------------------------------------------------- ---------------- -------------
    Achieved Active Warps Per CU                                                         76.17 Warps          
    Achieved Occupancy                                                                   59.51 %              
    Block Limit CU                                                                         128 Blocks         
    Block Limit VRF Per CU                                                                  80 Blocks         
    Block Limit SRF Per CU                                                                 128 Blocks         
    Block Limit Shared Mem Per CU                                                          128 Blocks         
    Block Limit Warps Per CU                                                               128 Blocks         
    Theoretical Active Warps Per CU                                                         80 Warps          
    Theoretical Occupancy                                                                62.50 %              
    Waves Per CU                                                                          6.40                
    ------------------------------------------------------------------------- ---------------- -------------
    INF: Occupancy is defined as the ratio of active warps on an NR to the maximum number(8) of active warps
supported by the NR.
    WRN: Occupancy Limiters --- This kernel's theoretical occupancy (62.50%) is limited by the number of
required VRF.

