uniform 0 mxfp8 block quant_ms 0.0287649532159
uniform 0 mxfp8 tensor quant_ms 0.167022482554
uniform 0 nvfp4 block quant_ms 0.17299656868
uniform 0 nvfp4 tensor quant_ms 0.191362285614
uniform 1 mxfp8 block quant_ms 0.0283489525318
uniform 1 mxfp8 tensor quant_ms 0.16280152003
uniform 1 nvfp4 block quant_ms 0.170512008667
uniform 1 nvfp4 tensor quant_ms 0.187961912155
normal 0 mxfp8 block quant_ms 0.0289820949237
normal 0 mxfp8 tensor quant_ms 0.165117724737
normal 0 nvfp4 block quant_ms 0.173592376709
normal 0 nvfp4 tensor quant_ms 0.19117029508
normal 1 mxfp8 block quant_ms 0.0283847630024
normal 1 mxfp8 tensor quant_ms 0.16111313502
normal 1 nvfp4 block quant_ms 0.168953895569
normal 1 nvfp4 tensor quant_ms 0.18688381513
outliers 0 mxfp8 block quant_ms 0.0287398099899
outliers 0 mxfp8 tensor quant_ms 0.165074284871
outliers 0 nvfp4 block quant_ms 0.172965335846
outliers 0 nvfp4 tensor quant_ms 0.191099437078
outliers 1 mxfp8 block quant_ms 0.0282582859198
outliers 1 mxfp8 tensor quant_ms 0.164515797297
outliers 1 nvfp4 block quant_ms 0.168588956197
outliers 1 nvfp4 tensor quant_ms 0.187372954686
