32 1024 0 mxfp8 before 0
32 1024 0 mxfp8 after 0
32 1024 0 mxfp8 after 1
32 1024 0 mxfp8 before 1
32 1024 0 mxfp8 before 2
32 1024 0 mxfp8 after 2
32 1024 0 nvfp4 before 0
32 1024 0 nvfp4 after 0
32 1024 0 nvfp4 after 1
32 1024 0 nvfp4 before 1
32 1024 0 nvfp4 before 2
32 1024 0 nvfp4 after 2
1024 1024 0 mxfp8 before 0
1024 1024 0 mxfp8 after 0
1024 1024 0 mxfp8 after 1
1024 1024 0 mxfp8 before 1
1024 1024 0 mxfp8 before 2
1024 1024 0 mxfp8 after 2
1024 1024 0 nvfp4 before 0
1024 1024 0 nvfp4 after 0
1024 1024 0 nvfp4 after 1
1024 1024 0 nvfp4 before 1
1024 1024 0 nvfp4 before 2
1024 1024 0 nvfp4 after 2
32 1024 1 mxfp8 before 0
32 1024 1 mxfp8 after 0
32 1024 1 mxfp8 after 1
32 1024 1 mxfp8 before 1
32 1024 1 mxfp8 before 2
32 1024 1 mxfp8 after 2
32 1024 1 nvfp4 before 0
32 1024 1 nvfp4 after 0
32 1024 1 nvfp4 after 1
32 1024 1 nvfp4 before 1
32 1024 1 nvfp4 before 2
32 1024 1 nvfp4 after 2
1024 1024 1 mxfp8 before 0
1024 1024 1 mxfp8 after 0
1024 1024 1 mxfp8 after 1
1024 1024 1 mxfp8 before 1
1024 1024 1 mxfp8 before 2
1024 1024 1 mxfp8 after 2
1024 1024 1 nvfp4 before 0
1024 1024 1 nvfp4 after 0
1024 1024 1 nvfp4 after 1
1024 1024 1 nvfp4 before 1
1024 1024 1 nvfp4 before 2
1024 1024 1 nvfp4 after 2
32768 1024 0 mxfp8 before 0
32768 1024 0 mxfp8 after 0
32768 1024 0 mxfp8 after 1
32768 1024 0 mxfp8 before 1
32768 1024 0 mxfp8 before 2
32768 1024 0 mxfp8 after 2
32768 1024 0 nvfp4 before 0
32768 1024 0 nvfp4 after 0
32768 1024 0 nvfp4 after 1
32768 1024 0 nvfp4 before 1
32768 1024 0 nvfp4 before 2
32768 1024 0 nvfp4 after 2
65536 1024 1 mxfp8 before 0
65536 1024 1 mxfp8 after 0
65536 1024 1 mxfp8 after 1
65536 1024 1 mxfp8 before 1
65536 1024 1 mxfp8 before 2
65536 1024 1 mxfp8 after 2
65536 1024 1 nvfp4 before 0
65536 1024 1 nvfp4 after 0
65536 1024 1 nvfp4 after 1
65536 1024 1 nvfp4 before 1
65536 1024 1 nvfp4 before 2
65536 1024 1 nvfp4 after 2
