1 32 64 mxfp8 had_ms 0.0107542852561 fusion 1.15489986441
1 32 64 nvfp4 had_ms 0.0107352375984 fusion 1.0462936819
1 8192 64 mxfp8 had_ms 0.0154918094476 fusion 1.08756856202
1 8192 64 nvfp4 had_ms 0.0155032376448 fusion 0.771036770319
1 8192 128 mxfp8 had_ms 0.0238148570061 fusion 0.940034177274
1 8192 128 nvfp4 had_ms 0.0238476177057 fusion 0.701259326536
1 8192 256 mxfp8 had_ms 0.041902478536 fusion 0.8881048346
1 8192 256 nvfp4 had_ms 0.0421379049619 fusion 0.585224588538
1 8192 512 mxfp8 had_ms 0.0842910528183 fusion 0.628170355583
1 8192 512 nvfp4 had_ms 0.0844998121262 fusion 0.403059321892
1 8192 1024 mxfp8 had_ms 0.194556951523 fusion 0.423634697411
1 8192 1024 nvfp4 had_ms 0.194367233912 fusion 0.316368775698
2 32 64 mxfp8 had_ms 0.0114811430375 fusion 1.18411579485
2 32 64 nvfp4 had_ms 0.0112388571103 fusion 1.04605385286
2 8192 64 mxfp8 had_ms 0.0177500943343 fusion 1.09627219251
2 8192 64 nvfp4 had_ms 0.0177462855975 fusion 0.751551442562
2 8192 128 mxfp8 had_ms 0.0279146671295 fusion 0.953929197778
2 8192 128 nvfp4 had_ms 0.0278666675091 fusion 0.671734411618
2 8192 256 mxfp8 had_ms 0.0518438100815 fusion 0.935200085669
2 8192 256 nvfp4 had_ms 0.0519481897354 fusion 0.578062540204
2 8192 512 mxfp8 had_ms 0.0952784776688 fusion 0.664786617464
2 8192 512 nvfp4 had_ms 0.0955108563105 fusion 0.396714002009
2 8192 1024 mxfp8 had_ms 0.219623613358 fusion 0.456660523621
2 8192 1024 nvfp4 had_ms 0.219379059474 fusion 0.319722077258
