32 64 1 mxfp8 before 0
32 64 1 mxfp8 after 0
32 64 1 mxfp8 after 1
32 64 1 mxfp8 before 1
32 64 1 mxfp8 before 2
32 64 1 mxfp8 after 2
32 64 1 nvfp4 before 0
32 64 1 nvfp4 after 0
32 64 1 nvfp4 after 1
32 64 1 nvfp4 before 1
32 64 1 nvfp4 before 2
32 64 1 nvfp4 after 2
8192 64 1 mxfp8 before 0
8192 64 1 mxfp8 after 0
8192 64 1 mxfp8 after 1
8192 64 1 mxfp8 before 1
8192 64 1 mxfp8 before 2
8192 64 1 mxfp8 after 2
8192 64 1 nvfp4 before 0
8192 64 1 nvfp4 after 0
8192 64 1 nvfp4 after 1
8192 64 1 nvfp4 before 1
8192 64 1 nvfp4 before 2
8192 64 1 nvfp4 after 2
8192 128 1 mxfp8 before 0
8192 128 1 mxfp8 after 0
8192 128 1 mxfp8 after 1
8192 128 1 mxfp8 before 1
8192 128 1 mxfp8 before 2
8192 128 1 mxfp8 after 2
8192 128 1 nvfp4 before 0
8192 128 1 nvfp4 after 0
8192 128 1 nvfp4 after 1
8192 128 1 nvfp4 before 1
8192 128 1 nvfp4 before 2
8192 128 1 nvfp4 after 2
8192 256 1 mxfp8 before 0
8192 256 1 mxfp8 after 0
8192 256 1 mxfp8 after 1
8192 256 1 mxfp8 before 1
8192 256 1 mxfp8 before 2
8192 256 1 mxfp8 after 2
8192 256 1 nvfp4 before 0
8192 256 1 nvfp4 after 0
8192 256 1 nvfp4 after 1
8192 256 1 nvfp4 before 1
8192 256 1 nvfp4 before 2
8192 256 1 nvfp4 after 2
8192 512 1 mxfp8 before 0
8192 512 1 mxfp8 after 0
8192 512 1 mxfp8 after 1
8192 512 1 mxfp8 before 1
8192 512 1 mxfp8 before 2
8192 512 1 mxfp8 after 2
8192 512 1 nvfp4 before 0
8192 512 1 nvfp4 after 0
8192 512 1 nvfp4 after 1
8192 512 1 nvfp4 before 1
8192 512 1 nvfp4 before 2
8192 512 1 nvfp4 after 2
8192 1024 1 mxfp8 before 0
8192 1024 1 mxfp8 after 0
8192 1024 1 mxfp8 after 1
8192 1024 1 mxfp8 before 1
8192 1024 1 mxfp8 before 2
8192 1024 1 mxfp8 after 2
8192 1024 1 nvfp4 before 0
8192 1024 1 nvfp4 after 0
8192 1024 1 nvfp4 after 1
8192 1024 1 nvfp4 before 1
8192 1024 1 nvfp4 before 2
8192 1024 1 nvfp4 after 2
32 64 2 mxfp8 before 0
32 64 2 mxfp8 after 0
32 64 2 mxfp8 after 1
32 64 2 mxfp8 before 1
32 64 2 mxfp8 before 2
32 64 2 mxfp8 after 2
32 64 2 nvfp4 before 0
32 64 2 nvfp4 after 0
32 64 2 nvfp4 after 1
32 64 2 nvfp4 before 1
32 64 2 nvfp4 before 2
32 64 2 nvfp4 after 2
8192 64 2 mxfp8 before 0
8192 64 2 mxfp8 after 0
8192 64 2 mxfp8 after 1
8192 64 2 mxfp8 before 1
8192 64 2 mxfp8 before 2
8192 64 2 mxfp8 after 2
8192 64 2 nvfp4 before 0
8192 64 2 nvfp4 after 0
8192 64 2 nvfp4 after 1
8192 64 2 nvfp4 before 1
8192 64 2 nvfp4 before 2
8192 64 2 nvfp4 after 2
8192 128 2 mxfp8 before 0
8192 128 2 mxfp8 after 0
8192 128 2 mxfp8 after 1
8192 128 2 mxfp8 before 1
8192 128 2 mxfp8 before 2
8192 128 2 mxfp8 after 2
8192 128 2 nvfp4 before 0
8192 128 2 nvfp4 after 0
8192 128 2 nvfp4 after 1
8192 128 2 nvfp4 before 1
8192 128 2 nvfp4 before 2
8192 128 2 nvfp4 after 2
8192 256 2 mxfp8 before 0
8192 256 2 mxfp8 after 0
8192 256 2 mxfp8 after 1
8192 256 2 mxfp8 before 1
8192 256 2 mxfp8 before 2
8192 256 2 mxfp8 after 2
8192 256 2 nvfp4 before 0
8192 256 2 nvfp4 after 0
8192 256 2 nvfp4 after 1
8192 256 2 nvfp4 before 1
8192 256 2 nvfp4 before 2
8192 256 2 nvfp4 after 2
8192 512 2 mxfp8 before 0
8192 512 2 mxfp8 after 0
8192 512 2 mxfp8 after 1
8192 512 2 mxfp8 before 1
8192 512 2 mxfp8 before 2
8192 512 2 mxfp8 after 2
8192 512 2 nvfp4 before 0
8192 512 2 nvfp4 after 0
8192 512 2 nvfp4 after 1
8192 512 2 nvfp4 before 1
8192 512 2 nvfp4 before 2
8192 512 2 nvfp4 after 2
8192 1024 2 mxfp8 before 0
8192 1024 2 mxfp8 after 0
8192 1024 2 mxfp8 after 1
8192 1024 2 mxfp8 before 1
8192 1024 2 mxfp8 before 2
8192 1024 2 mxfp8 after 2
8192 1024 2 nvfp4 before 0
8192 1024 2 nvfp4 after 0
8192 1024 2 nvfp4 after 1
8192 1024 2 nvfp4 before 1
8192 1024 2 nvfp4 before 2
8192 1024 2 nvfp4 after 2
65536 1024 1 mxfp8 before 0
65536 1024 1 mxfp8 after 0
65536 1024 1 mxfp8 after 1
65536 1024 1 mxfp8 before 1
65536 1024 1 mxfp8 before 2
65536 1024 1 mxfp8 after 2
65536 1024 1 nvfp4 before 0
65536 1024 1 nvfp4 after 0
65536 1024 1 nvfp4 after 1
65536 1024 1 nvfp4 before 1
65536 1024 1 nvfp4 before 2
65536 1024 1 nvfp4 after 2
65536 1024 2 mxfp8 before 0
65536 1024 2 mxfp8 after 0
65536 1024 2 mxfp8 after 1
65536 1024 2 mxfp8 before 1
65536 1024 2 mxfp8 before 2
65536 1024 2 mxfp8 after 2
65536 1024 2 nvfp4 before 0
65536 1024 2 nvfp4 after 0
65536 1024 2 nvfp4 after 1
65536 1024 2 nvfp4 before 1
65536 1024 2 nvfp4 before 2
65536 1024 2 nvfp4 after 2
