[mssanitizer] logging to file: ./mindstudio_sanitizer_log/mssanitizer_20260920072936_50093.log
[mssanitizer] Start memcheck sanitizer on kernel ascend_had
[mssanitizer] Sanitizer finished on kernel ascend_had. No error detected.
[mssanitizer] Start memcheck sanitizer on kernel ascend_had
[mssanitizer] Sanitizer finished on kernel ascend_had. No error detected.
[mssanitizer] Start memcheck sanitizer on kernel ascend_had
[mssanitizer] Sanitizer finished on kernel ascend_had. No error detected.
[mssanitizer] Start memcheck sanitizer on kernel ascend_had
[mssanitizer] Sanitizer finished on kernel ascend_had. No error detected.
[mssanitizer] Start memcheck sanitizer on kernel ascend_had
[mssanitizer] Sanitizer finished on kernel ascend_had. No error detected.
[mssanitizer] Start memcheck sanitizer on kernel ascend_had
[mssanitizer] Sanitizer finished on kernel ascend_had. No error detected.
[mssanitizer] Start memcheck sanitizer on kernel ascend_quant
[mssanitizer] Sanitizer finished on kernel ascend_quant. No error detected.
[mssanitizer] Start memcheck sanitizer on kernel ascend_had
[mssanitizer] Sanitizer finished on kernel ascend_had. No error detected.
[mssanitizer] Start memcheck sanitizer on kernel ascend_quant
[mssanitizer] Sanitizer finished on kernel ascend_quant. No error detected.
[mssanitizer] Start memcheck sanitizer on kernel ascend_had
[mssanitizer] Sanitizer finished on kernel ascend_had. No error detected.
[mssanitizer] Start memcheck sanitizer on kernel ascend_quant
[mssanitizer] Sanitizer finished on kernel ascend_quant. No error detected.
[mssanitizer] Start memcheck sanitizer on kernel ascend_had
[mssanitizer] Sanitizer finished on kernel ascend_had. No error detected.
[mssanitizer] Start memcheck sanitizer on kernel ascend_quant
