[mssanitizer] logging to file: ./mindstudio_sanitizer_log/mssanitizer_20260920073156_53359.log
[mssanitizer] Start memcheck sanitizer on kernel ascend_had
[mssanitizer] Sanitizer finished on kernel ascend_had. No error detected.
[mssanitizer] Start memcheck sanitizer on kernel ascend_had
[mssanitizer] Sanitizer finished on kernel ascend_had. No error detected.
[mssanitizer] Start memcheck sanitizer on kernel ascend_had
[mssanitizer] Sanitizer finished on kernel ascend_had. No error detected.
[mssanitizer] Start memcheck sanitizer on kernel ascend_had
[mssanitizer] Sanitizer finished on kernel ascend_had. No error detected.
[mssanitizer] Start memcheck sanitizer on kernel ascend_had
[mssanitizer] Sanitizer finished on kernel ascend_had. No error detected.
[mssanitizer] Start memcheck sanitizer on kernel ascend_had
[mssanitizer] Sanitizer finished on kernel ascend_had. No error detected.
[mssanitizer] Start memcheck sanitizer on kernel ascend_quant
[mssanitizer] Sanitizer finished on kernel ascend_quant. No error detected.
[mssanitizer] Start memcheck sanitizer on kernel ascend_had
[mssanitizer] Sanitizer finished on kernel ascend_had. No error detected.
[mssanitizer] Start memcheck sanitizer on kernel ascend_quant
[mssanitizer] Sanitizer finished on kernel ascend_quant. No error detected.
[mssanitizer] Start memcheck sanitizer on kernel ascend_had
[mssanitizer] Sanitizer finished on kernel ascend_had. No error detected.
[mssanitizer] Start memcheck sanitizer on kernel ascend_quant
[mssanitizer] Sanitizer finished on kernel ascend_quant. No error detected.
[mssanitizer] Start memcheck sanitizer on kernel ascend_had
[mssanitizer] Sanitizer finished on kernel ascend_had. No error detected.
[mssanitizer] Start memcheck sanitizer on kernel ascend_quant
[mssanitizer] Sanitizer finished on kernel ascend_quant. No error detected.
[mssanitizer] Start memcheck sanitizer on kernel ascend_had
[mssanitizer] Sanitizer finished on kernel ascend_had. No error detected.
[mssanitizer] Start memcheck sanitizer on kernel ascend_quant
[mssanitizer] Sanitizer finished on kernel ascend_quant. No error detected.
[mssanitizer] Start memcheck sanitizer on kernel ascend_had
[mssanitizer] Sanitizer finished on kernel ascend_had. No error detected.
[mssanitizer] Start memcheck sanitizer on kernel ascend_had
[mssanitizer] Sanitizer finished on kernel ascend_had. No error detected.
[mssanitizer] Start memcheck sanitizer on kernel ascend_had
[mssanitizer] Sanitizer finished on kernel ascend_had. No error detected.
[mssanitizer] Start memcheck sanitizer on kernel ascend_had
[mssanitizer] Sanitizer finished on kernel ascend_had. No error detected.
[mssanitizer] Start memcheck sanitizer on kernel ascend_had
[mssanitizer] Sanitizer finished on kernel ascend_had. No error detected.
[mssanitizer] Start memcheck sanitizer on kernel ascend_had
[mssanitizer] Sanitizer finished on kernel ascend_had. No error detected.
[mssanitizer] Start memcheck sanitizer on kernel ascend_had
[mssanitizer] Sanitizer finished on kernel ascend_had. No error detected.
[mssanitizer] Start memcheck sanitizer on kernel ascend_had
[mssanitizer] Sanitizer finished on kernel ascend_had. No error detected.
[mssanitizer] Start memcheck sanitizer on kernel ascend_had
[mssanitizer] Sanitizer finished on kernel ascend_had. No error detected.
[mssanitizer] Start memcheck sanitizer on kernel ascend_had
[mssanitizer] Sanitizer finished on kernel ascend_had. No error detected.
[mssanitizer] Start memcheck sanitizer on kernel ascend_prepare
[mssanitizer] Sanitizer finished on kernel ascend_prepare. No error detected.
[mssanitizer] Start memcheck sanitizer on kernel ascend_cube
[mssanitizer] Sanitizer finished on kernel ascend_cube. No error detected.
[mssanitizer] Start memcheck sanitizer on kernel ascend_had
[mssanitizer] Sanitizer finished on kernel ascend_had. No error detected.
[mssanitizer] Start memcheck sanitizer on kernel ascend_prepare
[mssanitizer] Sanitizer finished on kernel ascend_prepare. No error detected.
[mssanitizer] Start memcheck sanitizer on kernel ascend_cube
[mssanitizer] Sanitizer finished on kernel ascend_cube. No error detected.
[mssanitizer] Start memcheck sanitizer on kernel ascend_had
[mssanitizer] Sanitizer finished on kernel ascend_had. No error detected.
[mssanitizer] Start memcheck sanitizer on kernel ascend_prepare
[mssanitizer] Sanitizer finished on kernel ascend_prepare. No error detected.
[mssanitizer] Start memcheck sanitizer on kernel ascend_cube
[mssanitizer] Sanitizer finished on kernel ascend_cube. No error detected.
[mssanitizer] Start memcheck sanitizer on kernel ascend_had
[mssanitizer] Sanitizer finished on kernel ascend_had. No error detected.
[mssanitizer] Start memcheck sanitizer on kernel ascend_prepare
[mssanitizer] Sanitizer finished on kernel ascend_prepare. No error detected.
[mssanitizer] Start memcheck sanitizer on kernel ascend_cube
[mssanitizer] Sanitizer finished on kernel ascend_cube. No error detected.
[mssanitizer] Start memcheck sanitizer on kernel ascend_had
[mssanitizer] Sanitizer finished on kernel ascend_had. No error detected.
[mssanitizer] Start memcheck sanitizer on kernel ascend_prepare
[mssanitizer] Sanitizer finished on kernel ascend_prepare. No error detected.
[mssanitizer] Start memcheck sanitizer on kernel ascend_cube
[mssanitizer] Sanitizer finished on kernel ascend_cube. No error detected.
[mssanitizer] Start memcheck sanitizer on kernel ascend_had
[mssanitizer] Sanitizer finished on kernel ascend_had. No error detected.
[mssanitizer] Start memcheck sanitizer on kernel ascend_prepare
[mssanitizer] Sanitizer finished on kernel ascend_prepare. No error detected.
[mssanitizer] Start memcheck sanitizer on kernel ascend_cube
[mssanitizer] Sanitizer finished on kernel ascend_cube. No error detected.
[mssanitizer] Start memcheck sanitizer on kernel ascend_had
[mssanitizer] Sanitizer finished on kernel ascend_had. No error detected.
[mssanitizer] Start memcheck sanitizer on kernel ascend_quant
[mssanitizer] Sanitizer finished on kernel ascend_quant. No error detected.
[mssanitizer] Start memcheck sanitizer on kernel ascend_prepare
[mssanitizer] Sanitizer finished on kernel ascend_prepare. No error detected.
[mssanitizer] Start memcheck sanitizer on kernel ascend_cube
[mssanitizer] Sanitizer finished on kernel ascend_cube. No error detected.
[mssanitizer] Start memcheck sanitizer on kernel ascend_had
[mssanitizer] Sanitizer finished on kernel ascend_had. No error detected.
[mssanitizer] Start memcheck sanitizer on kernel ascend_quant
[mssanitizer] Sanitizer finished on kernel ascend_quant. No error detected.
[mssanitizer] Start memcheck sanitizer on kernel ascend_prepare
[mssanitizer] Sanitizer finished on kernel ascend_prepare. No error detected.
[mssanitizer] Start memcheck sanitizer on kernel ascend_cube
[mssanitizer] Sanitizer finished on kernel ascend_cube. No error detected.
[mssanitizer] Start memcheck sanitizer on kernel ascend_had
[mssanitizer] Sanitizer finished on kernel ascend_had. No error detected.
[mssanitizer] Start memcheck sanitizer on kernel ascend_quant
[mssanitizer] Sanitizer finished on kernel ascend_quant. No error detected.
[mssanitizer] Start memcheck sanitizer on kernel ascend_prepare
[mssanitizer] Sanitizer finished on kernel ascend_prepare. No error detected.
[mssanitizer] Start memcheck sanitizer on kernel ascend_cube
[mssanitizer] Sanitizer finished on kernel ascend_cube. No error detected.
[mssanitizer] Start memcheck sanitizer on kernel ascend_had
[mssanitizer] Sanitizer finished on kernel ascend_had. No error detected.
[mssanitizer] Start memcheck sanitizer on kernel ascend_quant
[mssanitizer] Sanitizer finished on kernel ascend_quant. No error detected.
[mssanitizer] Start memcheck sanitizer on kernel ascend_prepare
[mssanitizer] Sanitizer finished on kernel ascend_prepare. No error detected.
[mssanitizer] Start memcheck sanitizer on kernel ascend_cube
[mssanitizer] Sanitizer finished on kernel ascend_cube. No error detected.
[mssanitizer] Start memcheck sanitizer on kernel ascend_had
[mssanitizer] Sanitizer finished on kernel ascend_had. No error detected.
[mssanitizer] Start memcheck sanitizer on kernel ascend_quant
[mssanitizer] Sanitizer finished on kernel ascend_quant. No error detected.
[mssanitizer] Start memcheck sanitizer on kernel ascend_prepare
[mssanitizer] Sanitizer finished on kernel ascend_prepare. No error detected.
[mssanitizer] Start memcheck sanitizer on kernel ascend_cube
[mssanitizer] Sanitizer finished on kernel ascend_cube. No error detected.
[mssanitizer] Start memcheck sanitizer on kernel ascend_had
[mssanitizer] Sanitizer finished on kernel ascend_had. No error detected.
[mssanitizer] Start memcheck sanitizer on kernel ascend_prepare
[mssanitizer] Sanitizer finished on kernel ascend_prepare. No error detected.
[mssanitizer] Start memcheck sanitizer on kernel ascend_cube
[mssanitizer] Sanitizer finished on kernel ascend_cube. No error detected.
[mssanitizer] Start memcheck sanitizer on kernel ascend_had
[mssanitizer] Sanitizer finished on kernel ascend_had. No error detected.
[mssanitizer] Start memcheck sanitizer on kernel ascend_prepare
[mssanitizer] Sanitizer finished on kernel ascend_prepare. No error detected.
[mssanitizer] Start memcheck sanitizer on kernel ascend_cube
[mssanitizer] Sanitizer finished on kernel ascend_cube. No error detected.
[mssanitizer] Start memcheck sanitizer on kernel ascend_had
[mssanitizer] Sanitizer finished on kernel ascend_had. No error detected.
[mssanitizer] Start memcheck sanitizer on kernel ascend_prepare
[mssanitizer] Sanitizer finished on kernel ascend_prepare. No error detected.
[mssanitizer] Start memcheck sanitizer on kernel ascend_cube
[mssanitizer] Sanitizer finished on kernel ascend_cube. No error detected.
[mssanitizer] Start memcheck sanitizer on kernel ascend_had
[mssanitizer] Sanitizer finished on kernel ascend_had. No error detected.
[mssanitizer] Start memcheck sanitizer on kernel ascend_prepare
[mssanitizer] Sanitizer finished on kernel ascend_prepare. No error detected.
[mssanitizer] Start memcheck sanitizer on kernel ascend_cube
[mssanitizer] Sanitizer finished on kernel ascend_cube. No error detected.
[mssanitizer] Start memcheck sanitizer on kernel ascend_had
[mssanitizer] Sanitizer finished on kernel ascend_had. No error detected.
Hadamard=377.464 ms fused=436.727 ms unfused=536.695 ms; packed equal
