==21215== IXKN-CLI is profiling process 21215, command: /root/camp/02_quant_dequant/zmuxuny/build/iluvatar/quantize --input /tmp/iluvatar-profile-nf49g2cf/input --output /tmp/iluvatar-profile-nf49g2cf/out --packed /tmp/iluvatar-profile-nf49g2cf/packed --log /root/camp/02_quant_dequant/zmuxuny/results/iluvatar/profile/counters_mxfp8_fp16/metrics.json --repeats 1 --config /root/camp/02_quant_dequant/zmuxuny/configs/mxfp8.toml 
==21215== Some kernel(s) will be replayed on device 0 in order to collect all events/metrics.
==21215== Replaying kernel "void lp::quant_vector_kernel<0, 1, 4>(void const*, unsigned char*, unsigned char*, float const*, lp::Layout)" (done)
quant=0.0742692 ms dequant=0.0666846 ms CPU/GPU exact match
==21215== Profiling application: /root/camp/02_quant_dequant/zmuxuny/build/iluvatar/quantize --input /tmp/iluvatar-profile-nf49g2cf/input --output /tmp/iluvatar-profile-nf49g2cf/out --packed /tmp/iluvatar-profile-nf49g2cf/packed --log /root/camp/02_quant_dequant/zmuxuny/results/iluvatar/profile/counters_mxfp8_fp16/metrics.json --repeats 1 --config /root/camp/02_quant_dequant/zmuxuny/configs/mxfp8.toml 
==21215== Profiling result:
==21215== Section Results:
  Kernel: void lp::quant_vector_kernel<0, 1, 4>(void const*, unsigned char*, unsigned char*, float const*, lp::Layout) (2048,1,1)x(128,1,1), Context 1, Stream 1, Correlation Id 12
    Section: GPU Speed Of Light
    ------------------------------------------------------------------------- ---------------- -------------
    Duration                                                                          18407.00 Ns             
    Elapsed Cycles                                                                     1634816 Cycles         
    SPP Active Cycles                                                                  1396235 Cycles         
    Scheduler(NS) Issue Cycles                                                          828082 Cycles         
    ALU Active Cycles                                                                   825832 Cycles         
    ALU Calculate Cycles                                                                745638 Cycles         
    -ALU Calculate Cycles(Upper limit)                                                  745638 Cycles         
    -ALU Calculate Cycles(Lower limit)                                                  745638 Cycles         
    LSU Active Cycles                                                                   728641 Cycles         
    L1 Vector Cache Active Cycles                                                       238963 Cycles         
    Flop HP Efficiency                                                                  0.0000 %              
    Flop SP Efficiency                                                                  3.5233 %              
    TCU Efficiency                                                                      0.0000 %              
    L1 Read Efficiency                                                                  4.9872 %              
    L2 Read Efficiency                                                                  9.4016 %              
    Dram Read Efficiency                                                               18.0242 %              
    ------------------------------------------------------------------------- ---------------- -------------
    INF: High-level overview of the usage for compute and memory resources of the GPU.
    WRN: Latency Issue --- This kernel exhibits low compute throughput and memory bandwidth utilization relative
to the peak performance of this device.Achieved compute throughput and/or memory bandwidth below 60% of
peak typically indicate latency issues. Look at [Scheduler Statistics] and [Warp State Statistics] for
potential reasons.

    Section: Compute Workload Analysis
    ------------------------------------------------------------------------- ---------------- -------------
    Executed IPC Active                                                                 0.8950 Inst/Cycle     
    Executed IPC Elapsed                                                                0.7644 Inst/Cycle     
    SPP Activity Busy                                                                    85.41 %              
    Scheduler(NS) Issue Busy                                                             59.31 %              
    Control Flow Unit Utilization                                                        26.34 %              
    ALU Utilization                                                                      59.15 %              
    ------------------------------------------------------------------------- ---------------- -------------
    INF: Analysis of the compute resources utilization by average on all SPP.
    WRN: High Utilization --- BFU is the highest-utilized pipeline (99.44%). The pipeline is over-utilized and
likely a performance bottleneck.
    WRN: High Integer Compute --- The utilization of integer compute pipeline is 73.18%, check if this kernel
doing too much work for flow control or offset calculation.

    Section: Memory Access
    ------------------------------------------------------------------------- ---------------- -------------
    LSU Utilization                                                                      52.19 %              
    LSU--Global Memory Utilization                                                       47.32 %              
    LSU--Shared Memory Utilization                                                       10.87 %              
    Global Memory Load Throughput                                                       225.48 GB/s           
    Global Memory Store Throughput                                                      106.11 GB/s           
    Shared Memory Load Throughput                                                            0 B/s            
    Shared Memory Store Throughput                                                           0 B/s            
    Shared Load Bank Conflict                                                                0 Conflicts      
    Shared Store Bank Conflict                                                           49152 Conflicts      
    L1VK Unit Utilization                                                                17.11 %              
    L1 Vector Cache Load Hit Rate                                                        52.92 %              
    L2 Cache Load Hit Rate                                                                0.00 %              
    L2 Cache to Memory Access                                                            82543 Requests       
    Memory Access Throughput                                                            267.29 GB/s           
    ------------------------------------------------------------------------- ---------------- -------------
    INF: Summary of Memory access operations.
    WRN: Bank Conflict --- Shared memory bank conflict happens, which caused by more than one threads accessing
the same shared memory bank at the same time. Try to avoid accessing shared memory in this way to eliminate
bank conflicts.

    Section: Scheduler Statistics
    ------------------------------------------------------------------------- ---------------- -------------
    Maximum Warps Per Scheduler(NS)                                                          8 Warps          
    Active Warps Per Scheduler(NS)                                                    5.840762 Warps          
    Eligible Warps Per Scheduler(NS)                                                  2.223619 Warps          
    Issued(Selected) Warps Per Scheduler(NS)                                          0.894987 Warps          
    Stalled Warps Per Scheduler(NS)                                                   3.609629 Warps          
    No Eligible                                                                          40.69 %              
    One or More Eligible                                                                 59.31 %              
    ------------------------------------------------------------------------- ---------------- -------------
    INF: Summary of the activities on the Schedulers(NS).

    Section: Warp State Statistics
    ------------------------------------------------------------------------- ---------------- -------------
    Avg. Active Threads Per Warp                                                         51.96 Threads        
    Warp Execution Efficiency                                                            81.18 %              
    Executed Instructions Per Warp                                                      305.08 Instructions   
    Warp Stalled by Memory Dependency                                                    38.14 %              
    Warp Stalled by Memory Throttle                                                       0.11 %              
    Warp Stalled by Pipeline Busy                                                         0.55 %              
    Warp Stalled by Execution Dependency                                                  4.50 %              
    Warp Stalled by Synchronization                                                       0.00 %              
    Warp Stalled by Insturction Fetch                                                     5.21 %              
    Warp Stalled by Other Reasons                                                        12.81 %              
    ------------------------------------------------------------------------- ---------------- -------------
    INF: Statistics of Warp state scheduled by NS.
    WRN: Memory dependency --- On average, for this kernel there are 38.14% of active warps being stalled
because a load/store cannot be made because the required resources are not available or are fully utilized,
or too many requests of a given type are outstanding. 

    Section: Instruction Statistics
    ------------------------------------------------------------------------- ---------------- -------------
    Executed IPC                                                                        0.8950 Inst/Cycle     
    Executed Instructions                                                              1249612 Instructions   
    Single-Lane Memory Instructions                                                      12288 Instructions   
    Single-Lane ALU Instructions                                                        372819 Instructions   
    Single-Lane Control Flow Instructions                                                98387 Instructions   
    Multi-Lane Memory Instructions                                                       32768 Instructions   
     -Multi-Lane Global Memory Instructions                                              16384 Instructions   
     -Multi-Lane Shared Memory Instructions                                              16384 Instructions   
     -Multi-Lane SME Memory Instructions                                                     0 Instructions   
    Multi-Lane ALU Instructions                                                         733350 Instructions   
     -Multi-Lane ALU Integer Instructions                                               536659 Instructions   
     -Multi-Lane ALU Half Float Instructions                                                 0 Instructions   
     -Multi-Lane ALU Single Float Instructions                                          196691 Instructions   
     +BFU Instructions                                                                  729254 Instructions   
     +SFU Instructions                                                                       0 Instructions   
     +Multi-Lane Matrix Instructions                                                         0 Instructions   
     +Multi-Lane 4-Pass Multiply Instructions                                             4096 Instructions   
    ------------------------------------------------------------------------- ---------------- -------------
    INF: Statistics of Instructions issued and executed by the kernel.

    Section: Launch Statistics
    ------------------------------------------------------------------------- ---------------- -------------
    Grid Size                                                                     [2048, 1, 1]                
    Block Size                                                                     [128, 1, 1]                
    Launched Warps                                                                        4096 Warps          
    Threads                                                                             262144 Threads        
    Scalar Register                                                                         32 Registers/Warp 
    Vector Register                                                                         15 Registers/Thread
    Dynamic Shared Memory                                                                    0 Bytes/Block    
    Static Shared Memory                                                                     0 Bytes/Block    
    Local Memory                                                                             4 Bytes/Thread   
    ------------------------------------------------------------------------- ---------------- -------------
    INF: General information of Launch Statistics.

    Section: Occupancy
    ------------------------------------------------------------------------- ---------------- -------------
    Achieved Active Warps Per CU                                                         93.45 Warps          
    Achieved Occupancy                                                                   73.01 %              
    Block Limit CU                                                                         128 Blocks         
    Block Limit VRF Per CU                                                                 128 Blocks         
    Block Limit SRF Per CU                                                                 128 Blocks         
    Block Limit Shared Mem Per CU                                                          128 Blocks         
    Block Limit Warps Per CU                                                                64 Blocks         
    Theoretical Active Warps Per CU                                                        128 Warps          
    Theoretical Occupancy                                                               100.00 %              
    Waves Per CU                                                                          2.00                
    ------------------------------------------------------------------------- ---------------- -------------
    INF: Occupancy is defined as the ratio of active warps on an NR to the maximum number(8) of active warps
supported by the NR.
    INF: Occupancy Limiters --- This kernel's theoretical occupancy is not impacted by any block limit.The
difference between calculated theoretical (100.00%) and measured achieved occupancy (73.01%) can be the
result of warp scheduling overheads or workload imbalances during the kernel execution.

