[mssanitizer] logging to file: ./mindstudio_sanitizer_log/mssanitizer_20260920072027_38161.log
[mssanitizer] Start memcheck sanitizer on kernel ascend_quant
[mssanitizer] Sanitizer finished on kernel ascend_quant. No error detected.
[mssanitizer] Start memcheck sanitizer on kernel ascend_quant
[mssanitizer] Sanitizer finished on kernel ascend_quant. No error detected.
[mssanitizer] Start memcheck sanitizer on kernel ascend_quant
[mssanitizer] Sanitizer finished on kernel ascend_quant. No error detected.
[mssanitizer] Start memcheck sanitizer on kernel ascend_quant
[mssanitizer] Sanitizer finished on kernel ascend_quant. No error detected.
[mssanitizer] Start memcheck sanitizer on kernel ascend_quant
[mssanitizer] Sanitizer finished on kernel ascend_quant. No error detected.
[mssanitizer] Start memcheck sanitizer on kernel ascend_dequant
[mssanitizer] Sanitizer finished on kernel ascend_dequant. No error detected.
[mssanitizer] Start memcheck sanitizer on kernel ascend_dequant
[mssanitizer] Sanitizer finished on kernel ascend_dequant. No error detected.
[mssanitizer] Start memcheck sanitizer on kernel ascend_dequant
[mssanitizer] Sanitizer finished on kernel ascend_dequant. No error detected.
[mssanitizer] Start memcheck sanitizer on kernel ascend_dequant
[mssanitizer] Sanitizer finished on kernel ascend_dequant. No error detected.
[mssanitizer] Start memcheck sanitizer on kernel ascend_dequant
[mssanitizer] Sanitizer finished on kernel ascend_dequant. No error detected.
[mssanitizer] Start memcheck sanitizer on kernel ascend_quant
[mssanitizer] Sanitizer finished on kernel ascend_quant. No error detected.
[mssanitizer] Start memcheck sanitizer on kernel ascend_dequant
[mssanitizer] Sanitizer finished on kernel ascend_dequant. No error detected.
[mssanitizer] Start memcheck sanitizer on kernel ascend_quant
[mssanitizer] Sanitizer finished on kernel ascend_quant. No error detected.
[mssanitizer] Start memcheck sanitizer on kernel ascend_dequant
[mssanitizer] Sanitizer finished on kernel ascend_dequant. No error detected.
[mssanitizer] Start memcheck sanitizer on kernel ascend_quant
[mssanitizer] Sanitizer finished on kernel ascend_quant. No error detected.
[mssanitizer] Start memcheck sanitizer on kernel ascend_dequant
[mssanitizer] Sanitizer finished on kernel ascend_dequant. No error detected.
[mssanitizer] Start memcheck sanitizer on kernel ascend_quant
[mssanitizer] Sanitizer finished on kernel ascend_quant. No error detected.
[mssanitizer] Start memcheck sanitizer on kernel ascend_dequant
[mssanitizer] Sanitizer finished on kernel ascend_dequant. No error detected.
[mssanitizer] Start memcheck sanitizer on kernel ascend_quant
[mssanitizer] Sanitizer finished on kernel ascend_quant. No error detected.
[mssanitizer] Start memcheck sanitizer on kernel ascend_dequant
[mssanitizer] Sanitizer finished on kernel ascend_dequant. No error detected.
quant=3483.78 ms dequant=3123.97 ms CPU/GPU exact match
