==21463== IXKN-CLI is profiling process 21463, command: /root/camp/03_hadamard_tc/zmuxuny/build/iluvatar/hadamard --input /tmp/iluvatar-profile-7kbu4vok/input --output /tmp/iluvatar-profile-7kbu4vok/out --packed /tmp/iluvatar-profile-7kbu4vok/packed --log /root/camp/03_hadamard_tc/zmuxuny/results/iluvatar/profile/counters_nvfp4_fp16/metrics.json --repeats 1 --format nvfp4 --materialized_compare 1 
==21463== Some kernel(s) will be replayed on device 0 in order to collect all events/metrics.
==21463== Replaying kernel "void lp::hadamard_mma_kernel<1024, 1, 3, 1, 4>(unsigned short const*, unsigned short*, unsigned long, bool, bool, unsigned int, unsigned char*, unsigned char*, float*, lp::Layout)" (done)
Hadamard=0.179569 ms fused=0.483858 ms unfused=0.367631 ms; packed equal
==21463== Profiling application: /root/camp/03_hadamard_tc/zmuxuny/build/iluvatar/hadamard --input /tmp/iluvatar-profile-7kbu4vok/input --output /tmp/iluvatar-profile-7kbu4vok/out --packed /tmp/iluvatar-profile-7kbu4vok/packed --log /root/camp/03_hadamard_tc/zmuxuny/results/iluvatar/profile/counters_nvfp4_fp16/metrics.json --repeats 1 --format nvfp4 --materialized_compare 1 
==21463== Profiling result:
==21463== Section Results:
  Kernel: void lp::hadamard_mma_kernel<1024, 1, 3, 1, 4>(unsigned short const*, unsigned short*, unsigned long, bool, bool, unsigned int, unsigned char*, unsigned char*, float*, lp::Layout) (2048,1,1)x(256,1,1), Context 1, Stream 1, Correlation Id 430
    Section: GPU Speed Of Light
    ------------------------------------------------------------------------- ---------------- -------------
    Duration                                                                          71057.00 Ns             
    Elapsed Cycles                                                                     6782144 Cycles         
    SPP Active Cycles                                                                  6530861 Cycles         
    Scheduler(NS) Issue Cycles                                                         5774004 Cycles         
    ALU Active Cycles                                                                  6148806 Cycles         
    ALU Calculate Cycles                                                               5747571 Cycles         
    -ALU Calculate Cycles(Upper limit)                                                 5785600 Cycles         
    -ALU Calculate Cycles(Lower limit)                                                 5736448 Cycles         
    LSU Active Cycles                                                                  5550050 Cycles         
    L1 Vector Cache Active Cycles                                                      1725736 Cycles         
    Flop HP Efficiency                                                                  0.0000 %              
    Flop SP Efficiency                                                                  5.2683 %              
    TCU Efficiency                                                                      4.0140 %              
    L1 Read Efficiency                                                                  8.0593 %              
    L2 Read Efficiency                                                                 17.2715 %              
    Dram Read Efficiency                                                               30.8278 %              
    ------------------------------------------------------------------------- ---------------- -------------
    INF: High-level overview of the usage for compute and memory resources of the GPU.
    INF: High Throughput --- The kernel is utilizing greater than 80% of the available compute or memory
performance of the device. To further improve performance, work will likely need to be shifted from the
most utilized to another unit. Start by analyzing workloads in the Compute Workload Analysis section.

    Section: Compute Workload Analysis
    ------------------------------------------------------------------------- ---------------- -------------
    Executed IPC Active                                                                 1.1286 Inst/Cycle     
    Executed IPC Elapsed                                                                1.0868 Inst/Cycle     
    SPP Activity Busy                                                                    96.29 %              
    Scheduler(NS) Issue Busy                                                             88.41 %              
    Control Flow Unit Utilization                                                        10.43 %              
    ALU Utilization                                                                      94.15 %              
    ------------------------------------------------------------------------- ---------------- -------------
    INF: Analysis of the compute resources utilization by average on all SPP.
    WRN: High Utilization --- BFU is the highest-utilized pipeline (99.11%). The pipeline is over-utilized and
likely a performance bottleneck.
    WRN: High Integer Compute --- The utilization of integer compute pipeline is 73.74%, check if this kernel
doing too much work for flow control or offset calculation.

    Section: Memory Access
    ------------------------------------------------------------------------- ---------------- -------------
    LSU Utilization                                                                      84.98 %              
    LSU--Global Memory Utilization                                                       81.59 %              
    LSU--Shared Memory Utilization                                                       42.26 %              
    Global Memory Load Throughput                                                       439.79 GB/s           
    Global Memory Store Throughput                                                      439.79 GB/s           
    Shared Memory Load Throughput                                                         1.72 GB/s           
    Shared Memory Store Throughput                                                        6.87 GB/s           
    Shared Load Bank Conflict                                                                0 Conflicts      
    Shared Store Bank Conflict                                                          970752 Conflicts      
    L1VK Unit Utilization                                                                26.42 %              
    L1 Vector Cache Load Hit Rate                                                        46.22 %              
    L2 Cache Load Hit Rate                                                                7.03 %              
    L2 Cache to Memory Access                                                           378853 Requests       
    Memory Access Throughput                                                            317.79 GB/s           
    ------------------------------------------------------------------------- ---------------- -------------
    INF: Summary of Memory access operations.
    WRN: Bank Conflict --- Shared memory bank conflict happens, which caused by more than one threads accessing
the same shared memory bank at the same time. Try to avoid accessing shared memory in this way to eliminate
bank conflicts.

    Section: Scheduler Statistics
    ------------------------------------------------------------------------- ---------------- -------------
    Maximum Warps Per Scheduler(NS)                                                          8 Warps          
    Active Warps Per Scheduler(NS)                                                    5.191917 Warps          
    Eligible Warps Per Scheduler(NS)                                                  2.860798 Warps          
    Issued(Selected) Warps Per Scheduler(NS)                                          1.128603 Warps          
    Stalled Warps Per Scheduler(NS)                                                   2.421578 Warps          
    No Eligible                                                                          11.59 %              
    One or More Eligible                                                                 88.41 %              
    ------------------------------------------------------------------------- ---------------- -------------
    INF: Summary of the activities on the Schedulers(NS).

    Section: Warp State Statistics
    ------------------------------------------------------------------------- ---------------- -------------
    Avg. Active Threads Per Warp                                                         63.14 Threads        
    Warp Execution Efficiency                                                            98.65 %              
    Executed Instructions Per Warp                                                      899.75 Instructions   
    Warp Stalled by Memory Dependency                                                    14.66 %              
    Warp Stalled by Memory Throttle                                                       3.14 %              
    Warp Stalled by Pipeline Busy                                                         2.67 %              
    Warp Stalled by Execution Dependency                                                  5.80 %              
    Warp Stalled by Synchronization                                                       4.17 %              
    Warp Stalled by Insturction Fetch                                                     3.02 %              
    Warp Stalled by Other Reasons                                                        13.79 %              
    ------------------------------------------------------------------------- ---------------- -------------
    INF: Statistics of Warp state scheduled by NS.

    Section: Instruction Statistics
    ------------------------------------------------------------------------- ---------------- -------------
    Executed IPC                                                                        1.1286 Inst/Cycle     
    Executed Instructions                                                              7370752 Instructions   
    Single-Lane Memory Instructions                                                       8192 Instructions   
    Single-Lane ALU Instructions                                                       1091584 Instructions   
    Single-Lane Control Flow Instructions                                               163840 Instructions   
    Multi-Lane Memory Instructions                                                      600064 Instructions   
     -Multi-Lane Global Memory Instructions                                             266240 Instructions   
     -Multi-Lane Shared Memory Instructions                                             333824 Instructions   
     -Multi-Lane SME Memory Instructions                                                     0 Instructions   
    Multi-Lane ALU Instructions                                                        5507072 Instructions   
     -Multi-Lane ALU Integer Instructions                                              4061184 Instructions   
     -Multi-Lane ALU Half Float Instructions                                            131072 Instructions   
     -Multi-Lane ALU Single Float Instructions                                         1314816 Instructions   
     +BFU Instructions                                                                 5457920 Instructions   
     +SFU Instructions                                                                   16384 Instructions   
     +Multi-Lane Matrix Instructions                                                     32768 Instructions   
     +Multi-Lane 4-Pass Multiply Instructions                                                0 Instructions   
    ------------------------------------------------------------------------- ---------------- -------------
    INF: Statistics of Instructions issued and executed by the kernel.

    Section: Launch Statistics
    ------------------------------------------------------------------------- ---------------- -------------
    Grid Size                                                                     [2048, 1, 1]                
    Block Size                                                                     [256, 1, 1]                
    Launched Warps                                                                        8192 Warps          
    Threads                                                                             524288 Threads        
    Scalar Register                                                                         30 Registers/Warp 
    Vector Register                                                                         44 Registers/Thread
    Dynamic Shared Memory                                                                    0 Bytes/Block    
    Static Shared Memory                                                                    16 Bytes/Block    
    Local Memory                                                                             4 Bytes/Thread   
    ------------------------------------------------------------------------- ---------------- -------------
    INF: General information of Launch Statistics.

    Section: Occupancy
    ------------------------------------------------------------------------- ---------------- -------------
    Achieved Active Warps Per CU                                                         83.07 Warps          
    Achieved Occupancy                                                                   64.90 %              
    Block Limit CU                                                                         128 Blocks         
    Block Limit VRF Per CU                                                                  20 Blocks         
    Block Limit SRF Per CU                                                                  68 Blocks         
    Block Limit Shared Mem Per CU                                                          128 Blocks         
    Block Limit Warps Per CU                                                                32 Blocks         
    Theoretical Active Warps Per CU                                                         80 Warps          
    Theoretical Occupancy                                                                62.50 %              
    Waves Per CU                                                                          6.40                
    ------------------------------------------------------------------------- ---------------- -------------
    INF: Occupancy is defined as the ratio of active warps on an NR to the maximum number(8) of active warps
supported by the NR.
    WRN: Occupancy Limiters --- This kernel's theoretical occupancy (62.50%) is limited by the number of
required VRF.

