==21515== IXKN-CLI is profiling process 21515, command: /root/camp/03_hadamard_tc/zmuxuny/build/iluvatar/hadamard --input /tmp/iluvatar-profile-7kbu4vok/input --output /tmp/iluvatar-profile-7kbu4vok/out --packed /tmp/iluvatar-profile-7kbu4vok/packed --log /root/camp/03_hadamard_tc/zmuxuny/results/iluvatar/profile/counters_nvfp4_bf16/metrics.json --repeats 1 --format nvfp4 --materialized_compare 1 
==21515== Some kernel(s) will be replayed on device 0 in order to collect all events/metrics.
==21515== Replaying kernel "void lp::hadamard_mma_kernel<1024, 2, 3, 1, 4>(unsigned short const*, unsigned short*, unsigned long, bool, bool, unsigned int, unsigned char*, unsigned char*, float*, lp::Layout)" (done)
Hadamard=0.182381 ms fused=0.484069 ms unfused=0.375065 ms; packed equal
==21515== Profiling application: /root/camp/03_hadamard_tc/zmuxuny/build/iluvatar/hadamard --input /tmp/iluvatar-profile-7kbu4vok/input --output /tmp/iluvatar-profile-7kbu4vok/out --packed /tmp/iluvatar-profile-7kbu4vok/packed --log /root/camp/03_hadamard_tc/zmuxuny/results/iluvatar/profile/counters_nvfp4_bf16/metrics.json --repeats 1 --format nvfp4 --materialized_compare 1 
==21515== Profiling result:
==21515== Section Results:
  Kernel: void lp::hadamard_mma_kernel<1024, 2, 3, 1, 4>(unsigned short const*, unsigned short*, unsigned long, bool, bool, unsigned int, unsigned char*, unsigned char*, float*, lp::Layout) (2048,1,1)x(256,1,1), Context 1, Stream 1, Correlation Id 393
    Section: GPU Speed Of Light
    ------------------------------------------------------------------------- ---------------- -------------
    Duration                                                                          74765.00 Ns             
    Elapsed Cycles                                                                     7163968 Cycles         
    SPP Active Cycles                                                                  6883499 Cycles         
    Scheduler(NS) Issue Cycles                                                         6143336 Cycles         
    ALU Active Cycles                                                                  6505577 Cycles         
    ALU Calculate Cycles                                                               6139734 Cycles         
    -ALU Calculate Cycles(Upper limit)                                                 6178816 Cycles         
    -ALU Calculate Cycles(Lower limit)                                                 6129664 Cycles         
    LSU Active Cycles                                                                  5646025 Cycles         
    L1 Vector Cache Active Cycles                                                      1815336 Cycles         
    Flop HP Efficiency                                                                  0.0000 %              
    Flop SP Efficiency                                                                  4.9984 %              
    TCU Efficiency                                                                      3.8083 %              
    L1 Read Efficiency                                                                  7.6464 %              
    L2 Read Efficiency                                                                 16.5244 %              
    Dram Read Efficiency                                                               29.2485 %              
    ------------------------------------------------------------------------- ---------------- -------------
    INF: High-level overview of the usage for compute and memory resources of the GPU.
    INF: High Throughput --- The kernel is utilizing greater than 80% of the available compute or memory
performance of the device. To further improve performance, work will likely need to be shifted from the
most utilized to another unit. Start by analyzing workloads in the Compute Workload Analysis section.

    Section: Compute Workload Analysis
    ------------------------------------------------------------------------- ---------------- -------------
    Executed IPC Active                                                                 1.1279 Inst/Cycle     
    Executed IPC Elapsed                                                                1.0838 Inst/Cycle     
    SPP Activity Busy                                                                    96.09 %              
    Scheduler(NS) Issue Busy                                                             89.25 %              
    Control Flow Unit Utilization                                                         9.92 %              
    ALU Utilization                                                                      94.51 %              
    ------------------------------------------------------------------------- ---------------- -------------
    INF: Analysis of the compute resources utilization by average on all SPP.
    WRN: High Utilization --- BFU is the highest-utilized pipeline (99.17%). The pipeline is over-utilized and
likely a performance bottleneck.
    WRN: High Integer Compute --- The utilization of integer compute pipeline is 77.72%, check if this kernel
doing too much work for flow control or offset calculation.

    Section: Memory Access
    ------------------------------------------------------------------------- ---------------- -------------
    LSU Utilization                                                                      82.02 %              
    LSU--Global Memory Utilization                                                       78.53 %              
    LSU--Shared Memory Utilization                                                       39.92 %              
    Global Memory Load Throughput                                                       417.98 GB/s           
    Global Memory Store Throughput                                                      417.98 GB/s           
    Shared Memory Load Throughput                                                         1.63 GB/s           
    Shared Memory Store Throughput                                                        6.53 GB/s           
    Shared Load Bank Conflict                                                                0 Conflicts      
    Shared Store Bank Conflict                                                          970752 Conflicts      
    L1VK Unit Utilization                                                                26.37 %              
    L1 Vector Cache Load Hit Rate                                                        45.77 %              
    L2 Cache Load Hit Rate                                                                7.81 %              
    L2 Cache to Memory Access                                                           380149 Requests       
    Memory Access Throughput                                                            303.06 GB/s           
    ------------------------------------------------------------------------- ---------------- -------------
    INF: Summary of Memory access operations.
    WRN: Bank Conflict --- Shared memory bank conflict happens, which caused by more than one threads accessing
the same shared memory bank at the same time. Try to avoid accessing shared memory in this way to eliminate
bank conflicts.

    Section: Scheduler Statistics
    ------------------------------------------------------------------------- ---------------- -------------
    Maximum Warps Per Scheduler(NS)                                                          8 Warps          
    Active Warps Per Scheduler(NS)                                                    5.181991 Warps          
    Eligible Warps Per Scheduler(NS)                                                  2.974232 Warps          
    Issued(Selected) Warps Per Scheduler(NS)                                          1.127910 Warps          
    Stalled Warps Per Scheduler(NS)                                                   2.228285 Warps          
    No Eligible                                                                          10.75 %              
    One or More Eligible                                                                 89.25 %              
    ------------------------------------------------------------------------- ---------------- -------------
    INF: Summary of the activities on the Schedulers(NS).

    Section: Warp State Statistics
    ------------------------------------------------------------------------- ---------------- -------------
    Avg. Active Threads Per Warp                                                         63.14 Threads        
    Warp Execution Efficiency                                                            98.66 %              
    Executed Instructions Per Warp                                                      947.75 Instructions   
    Warp Stalled by Memory Dependency                                                    13.12 %              
    Warp Stalled by Memory Throttle                                                       2.68 %              
    Warp Stalled by Pipeline Busy                                                         2.57 %              
    Warp Stalled by Execution Dependency                                                  5.50 %              
    Warp Stalled by Synchronization                                                       4.02 %              
    Warp Stalled by Insturction Fetch                                                     2.86 %              
    Warp Stalled by Other Reasons                                                        12.35 %              
    ------------------------------------------------------------------------- ---------------- -------------
    INF: Statistics of Warp state scheduled by NS.

    Section: Instruction Statistics
    ------------------------------------------------------------------------- ---------------- -------------
    Executed IPC                                                                        1.1279 Inst/Cycle     
    Executed Instructions                                                              7763968 Instructions   
    Single-Lane Memory Instructions                                                       8192 Instructions   
    Single-Lane ALU Instructions                                                       1091584 Instructions   
    Single-Lane Control Flow Instructions                                               163840 Instructions   
    Multi-Lane Memory Instructions                                                      600064 Instructions   
     -Multi-Lane Global Memory Instructions                                             266240 Instructions   
     -Multi-Lane Shared Memory Instructions                                             333824 Instructions   
     -Multi-Lane SME Memory Instructions                                                     0 Instructions   
    Multi-Lane ALU Instructions                                                        5900288 Instructions   
     -Multi-Lane ALU Integer Instructions                                              4585472 Instructions   
     -Multi-Lane ALU Half Float Instructions                                                 0 Instructions   
     -Multi-Lane ALU Single Float Instructions                                         1314816 Instructions   
     +BFU Instructions                                                                 5851136 Instructions   
     +SFU Instructions                                                                   16384 Instructions   
     +Multi-Lane Matrix Instructions                                                     32768 Instructions   
     +Multi-Lane 4-Pass Multiply Instructions                                                0 Instructions   
    ------------------------------------------------------------------------- ---------------- -------------
    INF: Statistics of Instructions issued and executed by the kernel.

    Section: Launch Statistics
    ------------------------------------------------------------------------- ---------------- -------------
    Grid Size                                                                     [2048, 1, 1]                
    Block Size                                                                     [256, 1, 1]                
    Launched Warps                                                                        8192 Warps          
    Threads                                                                             524288 Threads        
    Scalar Register                                                                         30 Registers/Warp 
    Vector Register                                                                         44 Registers/Thread
    Dynamic Shared Memory                                                                    0 Bytes/Block    
    Static Shared Memory                                                                    16 Bytes/Block    
    Local Memory                                                                             4 Bytes/Thread   
    ------------------------------------------------------------------------- ---------------- -------------
    INF: General information of Launch Statistics.

    Section: Occupancy
    ------------------------------------------------------------------------- ---------------- -------------
    Achieved Active Warps Per CU                                                         82.91 Warps          
    Achieved Occupancy                                                                   64.77 %              
    Block Limit CU                                                                         128 Blocks         
    Block Limit VRF Per CU                                                                  20 Blocks         
    Block Limit SRF Per CU                                                                  68 Blocks         
    Block Limit Shared Mem Per CU                                                          128 Blocks         
    Block Limit Warps Per CU                                                                32 Blocks         
    Theoretical Active Warps Per CU                                                         80 Warps          
    Theoretical Occupancy                                                                62.50 %              
    Waves Per CU                                                                          6.40                
    ------------------------------------------------------------------------- ---------------- -------------
    INF: Occupancy is defined as the ratio of active warps on an NR to the maximum number(8) of active warps
supported by the NR.
    WRN: Occupancy Limiters --- This kernel's theoretical occupancy (62.50%) is limited by the number of
required VRF.

