==21490== IXKN-CLI is profiling process 21490, command: /root/camp/03_hadamard_tc/zmuxuny/build/iluvatar/hadamard --input /tmp/iluvatar-profile-7kbu4vok/input --output /tmp/iluvatar-profile-7kbu4vok/out --packed /tmp/iluvatar-profile-7kbu4vok/packed --log /root/camp/03_hadamard_tc/zmuxuny/results/iluvatar/profile/counters_nvfp4_bf16/metrics.json --repeats 1 --format nvfp4 --materialized_compare 1 
==21490== Some kernel(s) will be replayed on device 0 in order to collect all events/metrics.
==21490== Replaying kernel "void lp::hadamard_mma_kernel<1024, 2, 0, 0, 4>(unsigned short const*, unsigned short*, unsigned long, bool, bool, unsigned int, unsigned char*, unsigned char*, float*, lp::Layout)" (done)
Hadamard=0.183192 ms fused=0.486923 ms unfused=0.377269 ms; packed equal
==21490== Profiling application: /root/camp/03_hadamard_tc/zmuxuny/build/iluvatar/hadamard --input /tmp/iluvatar-profile-7kbu4vok/input --output /tmp/iluvatar-profile-7kbu4vok/out --packed /tmp/iluvatar-profile-7kbu4vok/packed --log /root/camp/03_hadamard_tc/zmuxuny/results/iluvatar/profile/counters_nvfp4_bf16/metrics.json --repeats 1 --format nvfp4 --materialized_compare 1 
==21490== Profiling result:
==21490== Section Results:
  Kernel: void lp::hadamard_mma_kernel<1024, 2, 0, 0, 4>(unsigned short const*, unsigned short*, unsigned long, bool, bool, unsigned int, unsigned char*, unsigned char*, float*, lp::Layout) (2048,1,1)x(256,1,1), Context 1, Stream 1, Correlation Id 224
    Section: GPU Speed Of Light
    ------------------------------------------------------------------------- ---------------- -------------
    Duration                                                                          65830.00 Ns             
    Elapsed Cycles                                                                     7722112 Cycles         
    SPP Active Cycles                                                                  7376629 Cycles         
    Scheduler(NS) Issue Cycles                                                         5474497 Cycles         
    ALU Active Cycles                                                                  5765218 Cycles         
    ALU Calculate Cycles                                                               5425219 Cycles         
    -ALU Calculate Cycles(Upper limit)                                                 5464064 Cycles         
    -ALU Calculate Cycles(Lower limit)                                                 5414912 Cycles         
    LSU Active Cycles                                                                  6910708 Cycles         
    L1 Vector Cache Active Cycles                                                      1925021 Cycles         
    Flop HP Efficiency                                                                  0.0000 %              
    Flop SP Efficiency                                                                  4.6643 %              
    TCU Efficiency                                                                      3.5537 %              
    L1 Read Efficiency                                                                  7.1075 %              
    L2 Read Efficiency                                                                 14.2977 %              
    Dram Read Efficiency                                                               27.2931 %              
    ------------------------------------------------------------------------- ---------------- -------------
    INF: High-level overview of the usage for compute and memory resources of the GPU.
    INF: High Throughput --- The kernel is utilizing greater than 80% of the available compute or memory
performance of the device. To further improve performance, work will likely need to be shifted from the
most utilized to another unit. Start by analyzing workloads in the Memory Access section.

    Section: Compute Workload Analysis
    ------------------------------------------------------------------------- ---------------- -------------
    Executed IPC Active                                                                 1.0006 Inst/Cycle     
    Executed IPC Elapsed                                                                0.9558 Inst/Cycle     
    SPP Activity Busy                                                                    95.53 %              
    Scheduler(NS) Issue Busy                                                             74.21 %              
    Control Flow Unit Utilization                                                         9.25 %              
    ALU Utilization                                                                      78.16 %              
    ------------------------------------------------------------------------- ---------------- -------------
    INF: Analysis of the compute resources utilization by average on all SPP.
    WRN: High Utilization --- BFU is the highest-utilized pipeline (99.05%). The pipeline is over-utilized and
likely a performance bottleneck.
    WRN: High Integer Compute --- The utilization of integer compute pipeline is 80.88%, check if this kernel
doing too much work for flow control or offset calculation.

    Section: Memory Access
    ------------------------------------------------------------------------- ---------------- -------------
    LSU Utilization                                                                      93.68 %              
    LSU--Global Memory Utilization                                                       91.62 %              
    LSU--Shared Memory Utilization                                                       33.53 %              
    Global Memory Load Throughput                                                       474.71 GB/s           
    Global Memory Store Throughput                                                      474.71 GB/s           
    Shared Memory Load Throughput                                                            0 B/s            
    Shared Memory Store Throughput                                                           0 B/s            
    Shared Load Bank Conflict                                                                0 Conflicts      
    Shared Store Bank Conflict                                                          786432 Conflicts      
    L1VK Unit Utilization                                                                26.10 %              
    L1 Vector Cache Load Hit Rate                                                        49.71 %              
    L2 Cache Load Hit Rate                                                                0.57 %              
    L2 Cache to Memory Access                                                           547217 Requests       
    Memory Access Throughput                                                            495.47 GB/s           
    ------------------------------------------------------------------------- ---------------- -------------
    INF: Summary of Memory access operations.
    WRN: Bank Conflict --- Shared memory bank conflict happens, which caused by more than one threads accessing
the same shared memory bank at the same time. Try to avoid accessing shared memory in this way to eliminate
bank conflicts.

    Section: Scheduler Statistics
    ------------------------------------------------------------------------- ---------------- -------------
    Maximum Warps Per Scheduler(NS)                                                          8 Warps          
    Active Warps Per Scheduler(NS)                                                    5.098054 Warps          
    Eligible Warps Per Scheduler(NS)                                                  2.385773 Warps          
    Issued(Selected) Warps Per Scheduler(NS)                                          1.000591 Warps          
    Stalled Warps Per Scheduler(NS)                                                   2.749285 Warps          
    No Eligible                                                                          25.79 %              
    One or More Eligible                                                                 74.21 %              
    ------------------------------------------------------------------------- ---------------- -------------
    INF: Summary of the activities on the Schedulers(NS).

    Section: Warp State Statistics
    ------------------------------------------------------------------------- ---------------- -------------
    Avg. Active Threads Per Warp                                                         64.00 Threads        
    Warp Execution Efficiency                                                           100.00 %              
    Executed Instructions Per Warp                                                      901.00 Instructions   
    Warp Stalled by Memory Dependency                                                    17.28 %              
    Warp Stalled by Memory Throttle                                                       2.11 %              
    Warp Stalled by Pipeline Busy                                                         2.62 %              
    Warp Stalled by Execution Dependency                                                  4.50 %              
    Warp Stalled by Synchronization                                                       0.00 %              
    Warp Stalled by Insturction Fetch                                                     2.53 %              
    Warp Stalled by Other Reasons                                                        25.24 %              
    ------------------------------------------------------------------------- ---------------- -------------
    INF: Statistics of Warp state scheduled by NS.

    Section: Instruction Statistics
    ------------------------------------------------------------------------- ---------------- -------------
    Executed IPC                                                                        1.0006 Inst/Cycle     
    Executed Instructions                                                              7380992 Instructions   
    Single-Lane Memory Instructions                                                       8192 Instructions   
    Single-Lane ALU Instructions                                                       1507328 Instructions   
    Single-Lane Control Flow Instructions                                               155648 Instructions   
    Multi-Lane Memory Instructions                                                      524288 Instructions   
     -Multi-Lane Global Memory Instructions                                             262144 Instructions   
     -Multi-Lane Shared Memory Instructions                                             262144 Instructions   
     -Multi-Lane SME Memory Instructions                                                     0 Instructions   
    Multi-Lane ALU Instructions                                                        5185536 Instructions   
     -Multi-Lane ALU Integer Instructions                                              4194304 Instructions   
     -Multi-Lane ALU Half Float Instructions                                                 0 Instructions   
     -Multi-Lane ALU Single Float Instructions                                          991232 Instructions   
     +BFU Instructions                                                                 5136384 Instructions   
     +SFU Instructions                                                                   16384 Instructions   
     +Multi-Lane Matrix Instructions                                                     32768 Instructions   
     +Multi-Lane 4-Pass Multiply Instructions                                                0 Instructions   
    ------------------------------------------------------------------------- ---------------- -------------
    INF: Statistics of Instructions issued and executed by the kernel.

    Section: Launch Statistics
    ------------------------------------------------------------------------- ---------------- -------------
    Grid Size                                                                     [2048, 1, 1]                
    Block Size                                                                     [256, 1, 1]                
    Launched Warps                                                                        8192 Warps          
    Threads                                                                             524288 Threads        
    Scalar Register                                                                         30 Registers/Warp 
    Vector Register                                                                         43 Registers/Thread
    Dynamic Shared Memory                                                                    0 Bytes/Block    
    Static Shared Memory                                                                     0 Bytes/Block    
    Local Memory                                                                             4 Bytes/Thread   
    ------------------------------------------------------------------------- ---------------- -------------
    INF: General information of Launch Statistics.

    Section: Occupancy
    ------------------------------------------------------------------------- ---------------- -------------
    Achieved Active Warps Per CU                                                         81.57 Warps          
    Achieved Occupancy                                                                   63.73 %              
    Block Limit CU                                                                         128 Blocks         
    Block Limit VRF Per CU                                                                  20 Blocks         
    Block Limit SRF Per CU                                                                  68 Blocks         
    Block Limit Shared Mem Per CU                                                          128 Blocks         
    Block Limit Warps Per CU                                                                32 Blocks         
    Theoretical Active Warps Per CU                                                         80 Warps          
    Theoretical Occupancy                                                                62.50 %              
    Waves Per CU                                                                          6.40                
    ------------------------------------------------------------------------- ---------------- -------------
    INF: Occupancy is defined as the ratio of active warps on an NR to the maximum number(8) of active warps
supported by the NR.
    WRN: Occupancy Limiters --- This kernel's theoretical occupancy (62.50%) is limited by the number of
required VRF.

