2026-09-20 08:03:27 [INFO] [77178] [77178] [kernel_parser_worker.cpp:46] Start run KernelParserWorker
2026-09-20 08:03:27 [INFO] [77178] [77179] [kernel_parser_worker.cpp:58] Start parse hash data
2026-09-20 08:03:27 [INFO] [77178] [77179] [kernel_parser_worker.cpp:78] Hash data load from path: /root/camp/02_quant_dequant/zmuxuny/results/ascend/profile/nvfp4_fp16/trace/PROF_000001_20260920080324821_00077121HFABJGLQ/host/data
2026-09-20 08:03:27 [INFO] [77178] [77181] [kernel_parser_worker.cpp:62] Start parse type info data
2026-09-20 08:03:27 [INFO] [77178] [77181] [kernel_parser_worker.cpp:100] Typeinfo data load from path: /root/camp/02_quant_dequant/zmuxuny/results/ascend/profile/nvfp4_fp16/trace/PROF_000001_20260920080324821_00077121HFABJGLQ/host/data
2026-09-20 08:03:27 [INFO] [77178] [77179] [kernel_parser_worker.cpp:80] Start load runtime op info data
2026-09-20 08:03:27 [INFO] [77178] [77179] [kernel_parser_worker.cpp:83] success get hash data
2026-09-20 08:03:27 [INFO] [77178] [77179] [kernel_parser_worker.cpp:90] success get hashDbDumper
2026-09-20 08:03:27 [INFO] [77178] [77179] [db_runner.cpp:53] Start create GeHashInfo
2026-09-20 08:03:27 [INFO] [77178] [77179] [db_runner.cpp:66] create GeHashInfo success
2026-09-20 08:03:27 [INFO] [77178] [77179] [db_runner.h:61] Start insert data to GeHashInfo
2026-09-20 08:03:27 [INFO] [77178] [77181] [db_runner.cpp:53] Start create TypeHashInfo
2026-09-20 08:03:27 [INFO] [77178] [77179] [db_runner.h:72] insert data to GeHashInfo success
2026-09-20 08:03:27 [INFO] [77178] [77179] [base_dumper.h:56] Dump GeHashInfo data success
2026-09-20 08:03:27 [INFO] [77178] [77181] [db_runner.cpp:66] create TypeHashInfo success
2026-09-20 08:03:27 [INFO] [77178] [77181] [db_runner.h:61] Start insert data to TypeHashInfo
2026-09-20 08:03:27 [INFO] [77178] [77181] [db_runner.h:72] insert data to TypeHashInfo success
2026-09-20 08:03:27 [INFO] [77178] [77181] [base_dumper.h:56] Dump TypeHashInfo data success
2026-09-20 08:03:27 [INFO] [77178] [77178] [time_logger.h:32] HostTraceWorker start
2026-09-20 08:03:27 [INFO] [77178] [77178] [time_logger.h:32] Group all events start
2026-09-20 08:03:27 [INFO] [77178] [77182] [time_logger.h:32] Group Kernel start
2026-09-20 08:03:27 [INFO] [77178] [77185] [time_logger.h:32] Group GraphIdMap start
2026-09-20 08:03:27 [INFO] [77178] [77183] [time_logger.h:32] Group FusionOpInfo start
2026-09-20 08:03:27 [INFO] [77178] [77189] [time_logger.h:32] Group NodeBasicInfo start
2026-09-20 08:03:27 [INFO] [77178] [77186] [time_logger.h:32] Group NodeAttrInfo start
2026-09-20 08:03:27 [INFO] [77178] [77185] [time_logger.h:39] Group GraphIdMap end, cost time = 0 ms
2026-09-20 08:03:27 [INFO] [77178] [77183] [time_logger.h:39] Group FusionOpInfo end, cost time = 0 ms
2026-09-20 08:03:27 [INFO] [77178] [77187] [time_logger.h:32] Group TensorInfo start
2026-09-20 08:03:27 [INFO] [77178] [77184] [time_logger.h:32] Group ContextId start
2026-09-20 08:03:27 [INFO] [77178] [77188] [time_logger.h:32] Group HcclInfo start
2026-09-20 08:03:27 [INFO] [77178] [77185] [time_logger.h:32] Group TaskTrack start
2026-09-20 08:03:27 [INFO] [77178] [77183] [time_logger.h:32] Group HcclOpInfo start
2026-09-20 08:03:27 [INFO] [77178] [77186] [time_logger.h:39] Group NodeAttrInfo end, cost time = 0 ms
2026-09-20 08:03:27 [INFO] [77178] [77182] [time_logger.h:39] Group Kernel end, cost time = 0 ms
2026-09-20 08:03:27 [INFO] [77178] [77187] [time_logger.h:39] Group TensorInfo end, cost time = 0 ms
2026-09-20 08:03:27 [INFO] [77178] [77189] [time_logger.h:39] Group NodeBasicInfo end, cost time = 0 ms
2026-09-20 08:03:27 [INFO] [77178] [77184] [time_logger.h:39] Group ContextId end, cost time = 0 ms
2026-09-20 08:03:27 [INFO] [77178] [77188] [time_logger.h:39] Group HcclInfo end, cost time = 0 ms
2026-09-20 08:03:27 [INFO] [77178] [77183] [time_logger.h:39] Group HcclOpInfo end, cost time = 0 ms
2026-09-20 08:03:27 [INFO] [77178] [77185] [time_logger.h:39] Group TaskTrack end, cost time = 0 ms
2026-09-20 08:03:27 [INFO] [77178] [77178] [event_grouper.cpp:127] After group events, Kernel: 111, GraphId: 0, FusionOp: 0, NodeBasic: 40, NodeAttr: 0, Tensor: 0, ContextId: 0, HcclInfo: 0, TaskTrack: 48, HcclOpInfo: 0, thread: 77121
2026-09-20 08:03:27 [INFO] [77178] [77178] [time_logger.h:39] Group all events end, cost time = 1 ms
2026-09-20 08:03:27 [INFO] [77178] [77190] [time_logger.h:32] Dump api data start start
2026-09-20 08:03:27 [INFO] [77178] [77191] [time_logger.h:32] Dump model name data start start
2026-09-20 08:03:27 [INFO] [77178] [77192] [time_logger.h:32] Multi thread build tree start
2026-09-20 08:03:27 [INFO] [77178] [77193] [time_logger.h:32] Dump flip tasks data start start
2026-09-20 08:03:27 [INFO] [77178] [77190] [db_runner.cpp:53] Start create ApiData
2026-09-20 08:03:27 [INFO] [77178] [77193] [db_runner.cpp:53] Start create HostTaskFlip
2026-09-20 08:03:27 [WARN] [77178] [77191] [base_dumper.h:42] Input data is empty, pass dump
2026-09-20 08:03:27 [INFO] [77178] [77191] [time_logger.h:39] Dump model name data start end, cost time = 0 ms
2026-09-20 08:03:27 [INFO] [77178] [77200] [host_trace_worker.cpp:69] Start multi thread build tree, threadId = 77121
2026-09-20 08:03:27 [INFO] [77178] [77200] [event_queue.cpp:72] EventQueue for thread 77121 is empty
2026-09-20 08:03:27 [INFO] [77178] [77200] [event_queue.cpp:72] EventQueue for thread 77121 is empty
2026-09-20 08:03:27 [INFO] [77178] [77190] [db_runner.cpp:66] create ApiData success
2026-09-20 08:03:27 [INFO] [77178] [77193] [db_runner.cpp:66] create HostTaskFlip success
2026-09-20 08:03:27 [INFO] [77178] [77190] [db_runner.h:61] Start insert data to ApiData
2026-09-20 08:03:27 [INFO] [77178] [77193] [db_runner.h:61] Start insert data to HostTaskFlip
2026-09-20 08:03:27 [WARN] [77178] [77210] [tree_builder.cpp:192] No Events, event type: 8, threadId = 77121
2026-09-20 08:03:27 [WARN] [77178] [77211] [tree_builder.cpp:192] No Events, event type: 6, threadId = 77121
2026-09-20 08:03:27 [INFO] [77178] [77212] [tree_builder.cpp:234] Add LevelEvents done, threadId = 77121, event type: 2, matchCnt = 40, mismatchCnt = 0 
2026-09-20 08:03:27 [WARN] [77178] [77211] [tree_builder.cpp:192] No Events, event type: 5, threadId = 77121
2026-09-20 08:03:27 [WARN] [77178] [77212] [tree_builder.cpp:192] No Events, event type: 3, threadId = 77121
2026-09-20 08:03:27 [WARN] [77178] [77212] [tree_builder.cpp:192] No Events, event type: 4, threadId = 77121
2026-09-20 08:03:27 [WARN] [77178] [77212] [tree_builder.cpp:192] No Events, event type: 6, threadId = 77121
2026-09-20 08:03:27 [WARN] [77178] [77212] [tree_builder.cpp:192] No Events, event type: 10, threadId = 77121
2026-09-20 08:03:27 [INFO] [77178] [77200] [tree_builder.cpp:73] Build Tree End, ThreadId = 77121
2026-09-20 08:03:27 [INFO] [77178] [77200] [host_trace_worker.cpp:79] Multi thread build tree done, threadId = 77121
2026-09-20 08:03:27 [INFO] [77178] [77192] [time_logger.h:39] Multi thread build tree end, cost time = 1 ms
2026-09-20 08:03:27 [INFO] [77178] [77192] [time_logger.h:32] Multi thread analyze tree and dump data start
2026-09-20 08:03:27 [INFO] [77178] [77193] [db_runner.h:72] insert data to HostTaskFlip success
2026-09-20 08:03:27 [INFO] [77178] [77193] [base_dumper.h:56] Dump HostTaskFlip data success
2026-09-20 08:03:27 [INFO] [77178] [77193] [time_logger.h:39] Dump flip tasks data start end, cost time = 1 ms
2026-09-20 08:03:27 [INFO] [77178] [77190] [db_runner.h:72] insert data to ApiData success
2026-09-20 08:03:27 [INFO] [77178] [77190] [base_dumper.h:56] Dump ApiData data success
2026-09-20 08:03:27 [INFO] [77178] [77190] [time_logger.h:39] Dump api data start end, cost time = 1 ms
2026-09-20 08:03:27 [INFO] [77178] [77222] [host_trace_worker.cpp:95] Start analyze tree and dump data, threadId = 77121
2026-09-20 08:03:27 [INFO] [77178] [77222] [time_logger.h:32] Dump CANN data start
2026-09-20 08:03:27 [INFO] [77178] [77224] [cann_trace_db_dumper.cpp:148] Empty hccl OPs
2026-09-20 08:03:27 [INFO] [77178] [77225] [time_logger.h:32] Dump host tasks start
2026-09-20 08:03:27 [INFO] [77178] [77223] [cann_trace_db_dumper.cpp:449] Empty geFusionOps
2026-09-20 08:03:27 [INFO] [77178] [77224] [cann_trace_db_dumper.cpp:396] Empty hccl tasks
2026-09-20 08:03:27 [INFO] [77178] [77225] [db_runner.cpp:53] Start create HostTask
2026-09-20 08:03:27 [INFO] [77178] [77226] [time_logger.h:32] DumpOpDesc Start start
2026-09-20 08:03:27 [INFO] [77178] [77226] [db_runner.cpp:53] Start create TaskInfo
2026-09-20 08:03:27 [INFO] [77178] [77225] [db_runner.cpp:66] create HostTask success
2026-09-20 08:03:27 [INFO] [77178] [77225] [db_runner.h:61] Start insert data to HostTask
2026-09-20 08:03:27 [INFO] [77178] [77226] [db_runner.cpp:66] create TaskInfo success
2026-09-20 08:03:27 [INFO] [77178] [77226] [db_runner.h:61] Start insert data to TaskInfo
2026-09-20 08:03:27 [INFO] [77178] [77225] [db_runner.h:72] insert data to HostTask success
2026-09-20 08:03:27 [INFO] [77178] [77225] [time_logger.h:39] Dump host tasks end, cost time = 1 ms
2026-09-20 08:03:27 [INFO] [77178] [77226] [db_runner.h:72] insert data to TaskInfo success
2026-09-20 08:03:27 [INFO] [77178] [77226] [time_logger.h:39] DumpOpDesc Start end, cost time = 1 ms
2026-09-20 08:03:27 [INFO] [77178] [77222] [time_logger.h:39] Dump CANN data end, cost time = 1 ms
2026-09-20 08:03:27 [INFO] [77178] [77222] [host_trace_worker.cpp:103] Dump cann trace data done, threadId = 77121
2026-09-20 08:03:27 [INFO] [77178] [77192] [time_logger.h:39] Multi thread analyze tree and dump data end, cost time = 2 ms
2026-09-20 08:03:27 [INFO] [77178] [77178] [time_logger.h:32] Dump memcpy info data start start
2026-09-20 08:03:27 [WARN] [77178] [77178] [base_dumper.h:42] Input data is empty, pass dump
2026-09-20 08:03:27 [INFO] [77178] [77178] [time_logger.h:39] Dump memcpy info data start end, cost time = 0 ms
2026-09-20 08:03:27 [INFO] [77178] [77178] [time_logger.h:39] HostTraceWorker end, cost time = 5 ms
