uniform 0 mxfp8 block quant_ms 1.36863203049
uniform 0 mxfp8 tensor quant_ms 0.9485039711
uniform 0 nvfp4 block quant_ms 1.66121997833
uniform 0 nvfp4 tensor quant_ms 1.22894802094
uniform 1 mxfp8 block quant_ms 1.42088003159
uniform 1 mxfp8 tensor quant_ms 0.98379201889
uniform 1 nvfp4 block quant_ms 1.66397209167
uniform 1 nvfp4 tensor quant_ms 1.21390399933
normal 0 mxfp8 block quant_ms 1.36861600876
normal 0 mxfp8 tensor quant_ms 0.948392009735
normal 0 nvfp4 block quant_ms 1.66021595001
normal 0 nvfp4 tensor quant_ms 1.22848396301
normal 1 mxfp8 block quant_ms 1.42109203339
normal 1 mxfp8 tensor quant_ms 0.983720016479
normal 1 nvfp4 block quant_ms 1.66422805786
normal 1 nvfp4 tensor quant_ms 1.21410799026
outliers 0 mxfp8 block quant_ms 1.36866798401
outliers 0 mxfp8 tensor quant_ms 0.94910402298
outliers 0 nvfp4 block quant_ms 1.6603559494
outliers 0 nvfp4 tensor quant_ms 1.22830400467
outliers 1 mxfp8 block quant_ms 1.42081203461
outliers 1 mxfp8 tensor quant_ms 0.98521604538
outliers 1 nvfp4 block quant_ms 1.66378803253
outliers 1 nvfp4 tensor quant_ms 1.21399202347
