1 32 64 mxfp8 had_ms 0.00938799977303 fusion 1.41467255331
1 32 64 nvfp4 had_ms 0.00944800004363 fusion 1.03614268622
1 8192 64 mxfp8 had_ms 1.02869596481 fusion 1.11243696689
1 8192 64 nvfp4 had_ms 1.02868003845 fusion 0.735828303675
1 8192 128 mxfp8 had_ms 1.97157592773 fusion 1.09925826273
1 8192 128 nvfp4 had_ms 1.97110805511 fusion 0.727356928579
1 8192 256 mxfp8 had_ms 3.84504814148 fusion 1.09349769307
1 8192 256 nvfp4 had_ms 3.84484786987 fusion 0.723563710868
1 8192 512 mxfp8 had_ms 7.58363571167 fusion 1.09044760757
1 8192 512 nvfp4 had_ms 7.58330001831 fusion 0.719662186708
1 8192 1024 mxfp8 had_ms 15.0519287109 fusion 1.08899610847
1 8192 1024 nvfp4 had_ms 15.0522918701 fusion 0.721123997902
2 32 64 mxfp8 had_ms 0.0101080000401 fusion 1.43939392913
2 32 64 nvfp4 had_ms 0.0101439997554 fusion 1.05584055893
2 8192 64 mxfp8 had_ms 1.13269996643 fusion 1.17915042293
2 8192 64 nvfp4 had_ms 1.13285198212 fusion 0.775470768843
2 8192 128 mxfp8 had_ms 2.17814407349 fusion 1.1691770604
2 8192 128 nvfp4 had_ms 2.17816009521 fusion 0.769237044985
2 8192 256 mxfp8 had_ms 4.25739212036 fusion 1.16446004815
2 8192 256 nvfp4 had_ms 4.2571559906 fusion 0.766475346212
2 8192 512 mxfp8 had_ms 8.40818023682 fusion 1.16246983839
2 8192 512 nvfp4 had_ms 8.40734024048 fusion 0.763732694866
2 8192 1024 mxfp8 had_ms 16.6955078125 fusion 1.16129727291
2 8192 1024 nvfp4 had_ms 16.6952087402 fusion 0.763344387048
