[mssanitizer] logging to file: ./mindstudio_sanitizer_log/mssanitizer_20260920072020_37528.log
[mssanitizer] No active sanitizer tool on kernel ascend_quant.
[mssanitizer] WARN: synccheck is not supported on the kernel that without `--cce-enable-sanitizer' compiler option, thus it's temporarily ignored.
[mssanitizer] Sanitizer finished on kernel ascend_quant. No error detected.
[mssanitizer] No active sanitizer tool on kernel ascend_quant.
[mssanitizer] WARN: synccheck is not supported on the kernel that without `--cce-enable-sanitizer' compiler option, thus it's temporarily ignored.
[mssanitizer] Sanitizer finished on kernel ascend_quant. No error detected.
[mssanitizer] No active sanitizer tool on kernel ascend_quant.
[mssanitizer] WARN: synccheck is not supported on the kernel that without `--cce-enable-sanitizer' compiler option, thus it's temporarily ignored.
[mssanitizer] Sanitizer finished on kernel ascend_quant. No error detected.
[mssanitizer] No active sanitizer tool on kernel ascend_quant.
[mssanitizer] WARN: synccheck is not supported on the kernel that without `--cce-enable-sanitizer' compiler option, thus it's temporarily ignored.
[mssanitizer] Sanitizer finished on kernel ascend_quant. No error detected.
[mssanitizer] No active sanitizer tool on kernel ascend_quant.
[mssanitizer] WARN: synccheck is not supported on the kernel that without `--cce-enable-sanitizer' compiler option, thus it's temporarily ignored.
[mssanitizer] Sanitizer finished on kernel ascend_quant. No error detected.
[mssanitizer] No active sanitizer tool on kernel ascend_dequant.
[mssanitizer] WARN: synccheck is not supported on the kernel that without `--cce-enable-sanitizer' compiler option, thus it's temporarily ignored.
[mssanitizer] Sanitizer finished on kernel ascend_dequant. No error detected.
[mssanitizer] No active sanitizer tool on kernel ascend_dequant.
[mssanitizer] WARN: synccheck is not supported on the kernel that without `--cce-enable-sanitizer' compiler option, thus it's temporarily ignored.
[mssanitizer] Sanitizer finished on kernel ascend_dequant. No error detected.
[mssanitizer] No active sanitizer tool on kernel ascend_dequant.
[mssanitizer] WARN: synccheck is not supported on the kernel that without `--cce-enable-sanitizer' compiler option, thus it's temporarily ignored.
[mssanitizer] Sanitizer finished on kernel ascend_dequant. No error detected.
[mssanitizer] No active sanitizer tool on kernel ascend_dequant.
[mssanitizer] WARN: synccheck is not supported on the kernel that without `--cce-enable-sanitizer' compiler option, thus it's temporarily ignored.
[mssanitizer] Sanitizer finished on kernel ascend_dequant. No error detected.
[mssanitizer] No active sanitizer tool on kernel ascend_dequant.
[mssanitizer] WARN: synccheck is not supported on the kernel that without `--cce-enable-sanitizer' compiler option, thus it's temporarily ignored.
[mssanitizer] Sanitizer finished on kernel ascend_dequant. No error detected.
[mssanitizer] No active sanitizer tool on kernel ascend_quant.
[mssanitizer] WARN: synccheck is not supported on the kernel that without `--cce-enable-sanitizer' compiler option, thus it's temporarily ignored.
[mssanitizer] Sanitizer finished on kernel ascend_quant. No error detected.
[mssanitizer] No active sanitizer tool on kernel ascend_dequant.
[mssanitizer] WARN: synccheck is not supported on the kernel that without `--cce-enable-sanitizer' compiler option, thus it's temporarily ignored.
[mssanitizer] Sanitizer finished on kernel ascend_dequant. No error detected.
[mssanitizer] No active sanitizer tool on kernel ascend_quant.
[mssanitizer] WARN: synccheck is not supported on the kernel that without `--cce-enable-sanitizer' compiler option, thus it's temporarily ignored.
[mssanitizer] Sanitizer finished on kernel ascend_quant. No error detected.
[mssanitizer] No active sanitizer tool on kernel ascend_dequant.
[mssanitizer] WARN: synccheck is not supported on the kernel that without `--cce-enable-sanitizer' compiler option, thus it's temporarily ignored.
[mssanitizer] Sanitizer finished on kernel ascend_dequant. No error detected.
[mssanitizer] No active sanitizer tool on kernel ascend_quant.
[mssanitizer] WARN: synccheck is not supported on the kernel that without `--cce-enable-sanitizer' compiler option, thus it's temporarily ignored.
[mssanitizer] Sanitizer finished on kernel ascend_quant. No error detected.
[mssanitizer] No active sanitizer tool on kernel ascend_dequant.
[mssanitizer] WARN: synccheck is not supported on the kernel that without `--cce-enable-sanitizer' compiler option, thus it's temporarily ignored.
[mssanitizer] Sanitizer finished on kernel ascend_dequant. No error detected.
[mssanitizer] No active sanitizer tool on kernel ascend_quant.
[mssanitizer] WARN: synccheck is not supported on the kernel that without `--cce-enable-sanitizer' compiler option, thus it's temporarily ignored.
[mssanitizer] Sanitizer finished on kernel ascend_quant. No error detected.
[mssanitizer] No active sanitizer tool on kernel ascend_dequant.
[mssanitizer] WARN: synccheck is not supported on the kernel that without `--cce-enable-sanitizer' compiler option, thus it's temporarily ignored.
[mssanitizer] Sanitizer finished on kernel ascend_dequant. No error detected.
[mssanitizer] No active sanitizer tool on kernel ascend_quant.
[mssanitizer] WARN: synccheck is not supported on the kernel that without `--cce-enable-sanitizer' compiler option, thus it's temporarily ignored.
[mssanitizer] Sanitizer finished on kernel ascend_quant. No error detected.
[mssanitizer] No active sanitizer tool on kernel ascend_dequant.
[mssanitizer] WARN: synccheck is not supported on the kernel that without `--cce-enable-sanitizer' compiler option, thus it's temporarily ignored.
[mssanitizer] Sanitizer finished on kernel ascend_dequant. No error detected.
quant=53.002 ms dequant=39.8641 ms CPU/GPU exact match
