==21181== IXKN-CLI is profiling process 21181, command: /root/camp/02_quant_dequant/zmuxuny/build/iluvatar/quantize --input /tmp/iluvatar-profile-nf49g2cf/input --output /tmp/iluvatar-profile-nf49g2cf/out --packed /tmp/iluvatar-profile-nf49g2cf/packed --log /root/camp/02_quant_dequant/zmuxuny/results/iluvatar/profile/counters_mxfp8_fp32/metrics.json --repeats 1 --config /root/camp/02_quant_dequant/zmuxuny/configs/mxfp8.toml 
==21181== Some kernel(s) will be replayed on device 0 in order to collect all events/metrics.
==21181== Replaying kernel "void lp::dequant_vector_kernel<0, 1, 8>(unsigned char const*, unsigned char const*, float, void*, lp::Layout)" (done)
quant=0.0822231 ms dequant=0.0614346 ms CPU/GPU exact match
==21181== Profiling application: /root/camp/02_quant_dequant/zmuxuny/build/iluvatar/quantize --input /tmp/iluvatar-profile-nf49g2cf/input --output /tmp/iluvatar-profile-nf49g2cf/out --packed /tmp/iluvatar-profile-nf49g2cf/packed --log /root/camp/02_quant_dequant/zmuxuny/results/iluvatar/profile/counters_mxfp8_fp32/metrics.json --repeats 1 --config /root/camp/02_quant_dequant/zmuxuny/configs/mxfp8.toml 
==21181== Profiling result:
==21181== Section Results:
  Kernel: void lp::dequant_vector_kernel<0, 1, 8>(unsigned char const*, unsigned char const*, float, void*, lp::Layout) (1024,1,1)x(128,1,1), Context 1, Stream 1, Correlation Id 44
    Section: GPU Speed Of Light
    ------------------------------------------------------------------------- ---------------- -------------
    Duration                                                                          11953.00 Ns             
    Elapsed Cycles                                                                     1082752 Cycles         
    SPP Active Cycles                                                                   791255 Cycles         
    Scheduler(NS) Issue Cycles                                                          386626 Cycles         
    ALU Active Cycles                                                                   398888 Cycles         
    ALU Calculate Cycles                                                                358400 Cycles         
    -ALU Calculate Cycles(Upper limit)                                                  358400 Cycles         
    -ALU Calculate Cycles(Lower limit)                                                  358400 Cycles         
    LSU Active Cycles                                                                   250200 Cycles         
    L1 Vector Cache Active Cycles                                                       121777 Cycles         
    Flop HP Efficiency                                                                  0.0000 %              
    Flop SP Efficiency                                                                  3.1060 %              
    TCU Efficiency                                                                      0.0000 %              
    L1 Read Efficiency                                                                  4.4002 %              
    L2 Read Efficiency                                                                  8.8272 %              
    Dram Read Efficiency                                                               16.4077 %              
    ------------------------------------------------------------------------- ---------------- -------------
    INF: High-level overview of the usage for compute and memory resources of the GPU.
    WRN: Latency Issue --- This kernel exhibits low compute throughput and memory bandwidth utilization relative
to the peak performance of this device.Achieved compute throughput and/or memory bandwidth below 60% of
peak typically indicate latency issues. Look at [Scheduler Statistics] and [Warp State Statistics] for
potential reasons.

    Section: Compute Workload Analysis
    ------------------------------------------------------------------------- ---------------- -------------
    Executed IPC Active                                                                 0.5151 Inst/Cycle     
    Executed IPC Elapsed                                                                0.3764 Inst/Cycle     
    SPP Activity Busy                                                                    73.08 %              
    Scheduler(NS) Issue Busy                                                             48.86 %              
    Control Flow Unit Utilization                                                         1.20 %              
    ALU Utilization                                                                      50.41 %              
    ------------------------------------------------------------------------- ---------------- -------------
    INF: Analysis of the compute resources utilization by average on all SPP.
    WRN: High Utilization --- BFU is the highest-utilized pipeline (100.00%). The pipeline is over-utilized and
likely a performance bottleneck.
    WRN: High Integer Compute --- The utilization of integer compute pipeline is 77.14%, check if this kernel
doing too much work for flow control or offset calculation.

    Section: Memory Access
    ------------------------------------------------------------------------- ---------------- -------------
    LSU Utilization                                                                      31.62 %              
    LSU--Global Memory Utilization                                                       31.62 %              
    LSU--Shared Memory Utilization                                                        0.00 %              
    Global Memory Load Throughput                                                       173.61 GB/s           
    Global Memory Store Throughput                                                      653.60 GB/s           
    Shared Memory Load Throughput                                                            0 B/s            
    Shared Memory Store Throughput                                                           0 B/s            
    Shared Load Bank Conflict                                                                0 Conflicts      
    Shared Store Bank Conflict                                                               0 Conflicts      
    L1VK Unit Utilization                                                                15.39 %              
    L1 Vector Cache Load Hit Rate                                                        49.89 %              
    L2 Cache Load Hit Rate                                                                3.15 %              
    L2 Cache to Memory Access                                                            44899 Requests       
    Memory Access Throughput                                                            223.89 GB/s           
    ------------------------------------------------------------------------- ---------------- -------------
    INF: Summary of Memory access operations.

    Section: Scheduler Statistics
    ------------------------------------------------------------------------- ---------------- -------------
    Maximum Warps Per Scheduler(NS)                                                          8 Warps          
    Active Warps Per Scheduler(NS)                                                    4.122504 Warps          
    Eligible Warps Per Scheduler(NS)                                                  1.567730 Warps          
    Issued(Selected) Warps Per Scheduler(NS)                                          0.515070 Warps          
    Stalled Warps Per Scheduler(NS)                                                   3.333483 Warps          
    No Eligible                                                                          51.14 %              
    One or More Eligible                                                                 48.86 %              
    ------------------------------------------------------------------------- ---------------- -------------
    INF: Summary of the activities on the Schedulers(NS).
    WRN: Issue Slot Utilization --- Every scheduler is capable of issuing at most 4 instructions per cycle, but
for this kernel each scheduler only issues 0.515070 instructions to warp per cycle. This might leave
hardware resources underutilized and may lead to less optimal performance. Out of the maximum of 8 warps
per scheduler, this kernel allocates an average of 4.122504 active warps per scheduler, but only an average
of 1.567730 warps were eligible per cycle. Eligible warps are the subset of active warps that are ready to
issue their next instruction. Every cycle with no eligible warp results in no instruction being issued and
the issue slot remains unused. To increase the number of eligible warps, reduce the time the active warps
are stalled by inspecting the top stall reasons on the [Warp State Statistics] sections.

    Section: Warp State Statistics
    ------------------------------------------------------------------------- ---------------- -------------
    Avg. Active Threads Per Warp                                                         64.00 Threads        
    Warp Execution Efficiency                                                           100.00 %              
    Executed Instructions Per Warp                                                      199.00 Instructions   
    Warp Stalled by Memory Dependency                                                    58.74 %              
    Warp Stalled by Memory Throttle                                                       0.19 %              
    Warp Stalled by Pipeline Busy                                                         0.00 %              
    Warp Stalled by Execution Dependency                                                  0.99 %              
    Warp Stalled by Synchronization                                                       0.00 %              
    Warp Stalled by Insturction Fetch                                                     0.86 %              
    Warp Stalled by Other Reasons                                                         7.63 %              
    ------------------------------------------------------------------------- ---------------- -------------
    INF: Statistics of Warp state scheduled by NS.
    WRN: Memory dependency --- On average, for this kernel there are 58.74% of active warps being stalled
because a load/store cannot be made because the required resources are not available or are fully utilized,
or too many requests of a given type are outstanding. 

    Section: Instruction Statistics
    ------------------------------------------------------------------------- ---------------- -------------
    Executed IPC                                                                        0.5151 Inst/Cycle     
    Executed Instructions                                                               407552 Instructions   
    Single-Lane Memory Instructions                                                       6144 Instructions   
    Single-Lane ALU Instructions                                                         32768 Instructions   
    Single-Lane Control Flow Instructions                                                 4096 Instructions   
    Multi-Lane Memory Instructions                                                        6144 Instructions   
     -Multi-Lane Global Memory Instructions                                               6144 Instructions   
     -Multi-Lane Shared Memory Instructions                                                  0 Instructions   
     -Multi-Lane SME Memory Instructions                                                     0 Instructions   
    Multi-Lane ALU Instructions                                                         358400 Instructions   
     -Multi-Lane ALU Integer Instructions                                               276480 Instructions   
     -Multi-Lane ALU Half Float Instructions                                             16384 Instructions   
     -Multi-Lane ALU Single Float Instructions                                           65536 Instructions   
     +BFU Instructions                                                                  358400 Instructions   
     +SFU Instructions                                                                       0 Instructions   
     +Multi-Lane Matrix Instructions                                                         0 Instructions   
     +Multi-Lane 4-Pass Multiply Instructions                                                0 Instructions   
    ------------------------------------------------------------------------- ---------------- -------------
    INF: Statistics of Instructions issued and executed by the kernel.

    Section: Launch Statistics
    ------------------------------------------------------------------------- ---------------- -------------
    Grid Size                                                                     [1024, 1, 1]                
    Block Size                                                                     [128, 1, 1]                
    Launched Warps                                                                        2048 Warps          
    Threads                                                                             131072 Threads        
    Scalar Register                                                                         30 Registers/Warp 
    Vector Register                                                                         18 Registers/Thread
    Dynamic Shared Memory                                                                    0 Bytes/Block    
    Static Shared Memory                                                                     0 Bytes/Block    
    Local Memory                                                                             0 Bytes/Thread   
    ------------------------------------------------------------------------- ---------------- -------------
    INF: General information of Launch Statistics.

    Section: Occupancy
    ------------------------------------------------------------------------- ---------------- -------------
    Achieved Active Warps Per CU                                                         65.96 Warps          
    Achieved Occupancy                                                                   51.53 %              
    Block Limit CU                                                                         128 Blocks         
    Block Limit VRF Per CU                                                                 112 Blocks         
    Block Limit SRF Per CU                                                                 128 Blocks         
    Block Limit Shared Mem Per CU                                                          128 Blocks         
    Block Limit Warps Per CU                                                                64 Blocks         
    Theoretical Active Warps Per CU                                                        128 Warps          
    Theoretical Occupancy                                                               100.00 %              
    Waves Per CU                                                                          1.00                
    ------------------------------------------------------------------------- ---------------- -------------
    INF: Occupancy is defined as the ratio of active warps on an NR to the maximum number(8) of active warps
supported by the NR.
    INF: Occupancy Limiters --- This kernel's theoretical occupancy is not impacted by any block limit.The
difference between calculated theoretical (100.00%) and measured achieved occupancy (51.53%) can be the
result of warp scheduling overheads or workload imbalances during the kernel execution.

