==21173== IXKN-CLI is profiling process 21173, command: /root/camp/02_quant_dequant/zmuxuny/build/iluvatar/quantize --input /tmp/iluvatar-profile-nf49g2cf/input --output /tmp/iluvatar-profile-nf49g2cf/out --packed /tmp/iluvatar-profile-nf49g2cf/packed --log /root/camp/02_quant_dequant/zmuxuny/results/iluvatar/profile/counters_mxfp8_fp32/metrics.json --repeats 1 --config /root/camp/02_quant_dequant/zmuxuny/configs/mxfp8.toml 
==21173== Some kernel(s) will be replayed on device 0 in order to collect all events/metrics.
==21173== Replaying kernel "void lp::quant_vector_kernel<0, 0, 2>(void const*, unsigned char*, unsigned char*, float const*, lp::Layout)" (done)
quant=0.0767808 ms dequant=0.06435 ms CPU/GPU exact match
==21173== Profiling application: /root/camp/02_quant_dequant/zmuxuny/build/iluvatar/quantize --input /tmp/iluvatar-profile-nf49g2cf/input --output /tmp/iluvatar-profile-nf49g2cf/out --packed /tmp/iluvatar-profile-nf49g2cf/packed --log /root/camp/02_quant_dequant/zmuxuny/results/iluvatar/profile/counters_mxfp8_fp32/metrics.json --repeats 1 --config /root/camp/02_quant_dequant/zmuxuny/configs/mxfp8.toml 
==21173== Profiling result:
==21173== Section Results:
  Kernel: void lp::quant_vector_kernel<0, 0, 2>(void const*, unsigned char*, unsigned char*, float const*, lp::Layout) (2048,1,1)x(256,1,1), Context 1, Stream 1, Correlation Id 12
    Section: GPU Speed Of Light
    ------------------------------------------------------------------------- ---------------- -------------
    Duration                                                                          21838.00 Ns             
    Elapsed Cycles                                                                     2045824 Cycles         
    SPP Active Cycles                                                                  1830084 Cycles         
    Scheduler(NS) Issue Cycles                                                         1158621 Cycles         
    ALU Active Cycles                                                                  1178139 Cycles         
    ALU Calculate Cycles                                                               1065130 Cycles         
    -ALU Calculate Cycles(Upper limit)                                                 1065130 Cycles         
    -ALU Calculate Cycles(Lower limit)                                                 1065130 Cycles         
    LSU Active Cycles                                                                  1229204 Cycles         
    L1 Vector Cache Active Cycles                                                       319576 Cycles         
    Flop HP Efficiency                                                                  0.0000 %              
    Flop SP Efficiency                                                                  2.6881 %              
    TCU Efficiency                                                                      0.0000 %              
    L1 Read Efficiency                                                                  7.6097 %              
    L2 Read Efficiency                                                                 14.3351 %              
    Dram Read Efficiency                                                               27.5041 %              
    ------------------------------------------------------------------------- ---------------- -------------
    INF: High-level overview of the usage for compute and memory resources of the GPU.
    INF: Balanced Throughput --- Compute and Memory are well-balanced: To reduce runtime, both computation and
memory traffic must be reduced. Check both the Compute Workload Analysis and Memory Workload Analysis
sections.

    Section: Compute Workload Analysis
    ------------------------------------------------------------------------- ---------------- -------------
    Executed IPC Active                                                                 0.9850 Inst/Cycle     
    Executed IPC Elapsed                                                                0.8811 Inst/Cycle     
    SPP Activity Busy                                                                    89.45 %              
    Scheduler(NS) Issue Busy                                                             63.31 %              
    Control Flow Unit Utilization                                                        24.79 %              
    ALU Utilization                                                                      64.38 %              
    ------------------------------------------------------------------------- ---------------- -------------
    INF: Analysis of the compute resources utilization by average on all SPP.
    WRN: High Utilization --- BFU is the highest-utilized pipeline (99.21%). The pipeline is over-utilized and
likely a performance bottleneck.
    WRN: High Integer Compute --- The utilization of integer compute pipeline is 80.31%, check if this kernel
doing too much work for flow control or offset calculation.

    Section: Memory Access
    ------------------------------------------------------------------------- ---------------- -------------
    LSU Utilization                                                                      67.17 %              
    LSU--Global Memory Utilization                                                       60.55 %              
    LSU--Shared Memory Utilization                                                       22.93 %              
    Global Memory Load Throughput                                                       380.11 GB/s           
    Global Memory Store Throughput                                                      178.87 GB/s           
    Shared Memory Load Throughput                                                            0 B/s            
    Shared Memory Store Throughput                                                           0 B/s            
    Shared Load Bank Conflict                                                                0 Conflicts      
    Shared Store Bank Conflict                                                          122880 Conflicts      
    L1VK Unit Utilization                                                                17.46 %              
    L1 Vector Cache Load Hit Rate                                                        52.93 %              
    L2 Cache Load Hit Rate                                                                0.00 %              
    L2 Cache to Memory Access                                                           103610 Requests       
    Memory Access Throughput                                                            282.79 GB/s           
    ------------------------------------------------------------------------- ---------------- -------------
    INF: Summary of Memory access operations.
    WRN: Bank Conflict --- Shared memory bank conflict happens, which caused by more than one threads accessing
the same shared memory bank at the same time. Try to avoid accessing shared memory in this way to eliminate
bank conflicts.

    Section: Scheduler Statistics
    ------------------------------------------------------------------------- ---------------- -------------
    Maximum Warps Per Scheduler(NS)                                                          8 Warps          
    Active Warps Per Scheduler(NS)                                                    5.955346 Warps          
    Eligible Warps Per Scheduler(NS)                                                  2.507229 Warps          
    Issued(Selected) Warps Per Scheduler(NS)                                          0.984971 Warps          
    Stalled Warps Per Scheduler(NS)                                                   4.054327 Warps          
    No Eligible                                                                          36.69 %              
    One or More Eligible                                                                 63.31 %              
    ------------------------------------------------------------------------- ---------------- -------------
    INF: Summary of the activities on the Schedulers(NS).

    Section: Warp State Statistics
    ------------------------------------------------------------------------- ---------------- -------------
    Avg. Active Threads Per Warp                                                         52.38 Threads        
    Warp Execution Efficiency                                                            81.84 %              
    Executed Instructions Per Warp                                                      220.04 Instructions   
    Warp Stalled by Memory Dependency                                                    42.11 %              
    Warp Stalled by Memory Throttle                                                       0.39 %              
    Warp Stalled by Pipeline Busy                                                         0.94 %              
    Warp Stalled by Execution Dependency                                                  6.18 %              
    Warp Stalled by Synchronization                                                       0.00 %              
    Warp Stalled by Insturction Fetch                                                     5.35 %              
    Warp Stalled by Other Reasons                                                        12.06 %              
    ------------------------------------------------------------------------- ---------------- -------------
    INF: Statistics of Warp state scheduled by NS.
    WRN: Memory dependency --- On average, for this kernel there are 42.11% of active warps being stalled
because a load/store cannot be made because the required resources are not available or are fully utilized,
or too many requests of a given type are outstanding. 

    Section: Instruction Statistics
    ------------------------------------------------------------------------- ---------------- -------------
    Executed IPC                                                                        0.9850 Inst/Cycle     
    Executed Instructions                                                              1802580 Instructions   
    Single-Lane Memory Instructions                                                      24576 Instructions   
    Single-Lane ALU Instructions                                                        540757 Instructions   
    Single-Lane Control Flow Instructions                                               122965 Instructions   
    Multi-Lane Memory Instructions                                                       73728 Instructions   
     -Multi-Lane Global Memory Instructions                                              32768 Instructions   
     -Multi-Lane Shared Memory Instructions                                              40960 Instructions   
     -Multi-Lane SME Memory Instructions                                                     0 Instructions   
    Multi-Lane ALU Instructions                                                        1040554 Instructions   
     -Multi-Lane ALU Integer Instructions                                               835669 Instructions   
     -Multi-Lane ALU Half Float Instructions                                                 0 Instructions   
     -Multi-Lane ALU Single Float Instructions                                          204885 Instructions   
     +BFU Instructions                                                                 1032362 Instructions   
     +SFU Instructions                                                                       0 Instructions   
     +Multi-Lane Matrix Instructions                                                         0 Instructions   
     +Multi-Lane 4-Pass Multiply Instructions                                             8192 Instructions   
    ------------------------------------------------------------------------- ---------------- -------------
    INF: Statistics of Instructions issued and executed by the kernel.

    Section: Launch Statistics
    ------------------------------------------------------------------------- ---------------- -------------
    Grid Size                                                                     [2048, 1, 1]                
    Block Size                                                                     [256, 1, 1]                
    Launched Warps                                                                        8192 Warps          
    Threads                                                                             524288 Threads        
    Scalar Register                                                                         32 Registers/Warp 
    Vector Register                                                                         11 Registers/Thread
    Dynamic Shared Memory                                                                    0 Bytes/Block    
    Static Shared Memory                                                                     0 Bytes/Block    
    Local Memory                                                                             4 Bytes/Thread   
    ------------------------------------------------------------------------- ---------------- -------------
    INF: General information of Launch Statistics.

    Section: Occupancy
    ------------------------------------------------------------------------- ---------------- -------------
    Achieved Active Warps Per CU                                                         95.29 Warps          
    Achieved Occupancy                                                                   74.44 %              
    Block Limit CU                                                                         128 Blocks         
    Block Limit VRF Per CU                                                                  92 Blocks         
    Block Limit SRF Per CU                                                                  64 Blocks         
    Block Limit Shared Mem Per CU                                                          128 Blocks         
    Block Limit Warps Per CU                                                                32 Blocks         
    Theoretical Active Warps Per CU                                                        128 Warps          
    Theoretical Occupancy                                                               100.00 %              
    Waves Per CU                                                                          4.00                
    ------------------------------------------------------------------------- ---------------- -------------
    INF: Occupancy is defined as the ratio of active warps on an NR to the maximum number(8) of active warps
supported by the NR.
    INF: Occupancy Limiters --- This kernel's theoretical occupancy is not impacted by any block limit.The
difference between calculated theoretical (100.00%) and measured achieved occupancy (74.44%) can be the
result of warp scheduling overheads or workload imbalances during the kernel execution.

