==21206== IXKN-CLI is profiling process 21206, command: /root/camp/02_quant_dequant/zmuxuny/build/iluvatar/quantize --input /tmp/iluvatar-profile-nf49g2cf/input --output /tmp/iluvatar-profile-nf49g2cf/out --packed /tmp/iluvatar-profile-nf49g2cf/packed --log /root/camp/02_quant_dequant/zmuxuny/results/iluvatar/profile/counters_nvfp4_fp32/metrics.json --repeats 1 --config /root/camp/02_quant_dequant/zmuxuny/configs/nvfp4.toml 
==21206== Some kernel(s) will be replayed on device 0 in order to collect all events/metrics.
==21206== Replaying kernel "lp::maximum(void const*, unsigned long, int, float*)" (done)
quant=0.119527 ms dequant=0.0637962 ms CPU/GPU exact match
==21206== Profiling application: /root/camp/02_quant_dequant/zmuxuny/build/iluvatar/quantize --input /tmp/iluvatar-profile-nf49g2cf/input --output /tmp/iluvatar-profile-nf49g2cf/out --packed /tmp/iluvatar-profile-nf49g2cf/packed --log /root/camp/02_quant_dequant/zmuxuny/results/iluvatar/profile/counters_nvfp4_fp32/metrics.json --repeats 1 --config /root/camp/02_quant_dequant/zmuxuny/configs/nvfp4.toml 
==21206== Profiling result:
==21206== Section Results:
  Kernel: lp::maximum(void const*, unsigned long, int, float*) (256,1,1)x(256,1,1), Context 1, Stream 1, Correlation Id 13
    Section: GPU Speed Of Light
    ------------------------------------------------------------------------- ---------------- -------------
    Duration                                                                          13350.00 Ns             
    Elapsed Cycles                                                                     1622656 Cycles         
    SPP Active Cycles                                                                  1386047 Cycles         
    Scheduler(NS) Issue Cycles                                                          414481 Cycles         
    ALU Active Cycles                                                                   446097 Cycles         
    ALU Calculate Cycles                                                                257280 Cycles         
    -ALU Calculate Cycles(Upper limit)                                                  257280 Cycles         
    -ALU Calculate Cycles(Lower limit)                                                  257280 Cycles         
    LSU Active Cycles                                                                   994489 Cycles         
    L1 Vector Cache Active Cycles                                                       213254 Cycles         
    Flop HP Efficiency                                                                  0.0000 %              
    Flop SP Efficiency                                                                  0.0000 %              
    TCU Efficiency                                                                      0.0000 %              
    L1 Read Efficiency                                                                  4.7470 %              
    L2 Read Efficiency                                                                 18.9185 %              
    Dram Read Efficiency                                                               36.3086 %              
    ------------------------------------------------------------------------- ---------------- -------------
    INF: High-level overview of the usage for compute and memory resources of the GPU.
    WRN: High Memory Throughput --- Memory is more heavily utilized than Compute: Look at the [Memory Access]
section to see where the memory system bottleneck is. Check memory replay (coalescing) metrics to make sure
you're efficiently utilizing the bytes transferred. Also consider whether it is possible to do more work
per memory access (kernel fusion) or whether there are values you can (re)compute.

    Section: Compute Workload Analysis
    ------------------------------------------------------------------------- ---------------- -------------
    Executed IPC Active                                                                 0.3404 Inst/Cycle     
    Executed IPC Elapsed                                                                0.2908 Inst/Cycle     
    SPP Activity Busy                                                                    85.42 %              
    Scheduler(NS) Issue Busy                                                             29.90 %              
    Control Flow Unit Utilization                                                        21.05 %              
    ALU Utilization                                                                      32.18 %              
    ------------------------------------------------------------------------- ---------------- -------------
    INF: Analysis of the compute resources utilization by average on all SPP.
    WRN: High Utilization --- BFU is the highest-utilized pipeline (100.00%). The pipeline is over-utilized and
likely a performance bottleneck.
    WRN: High Integer Compute --- The utilization of integer compute pipeline is 84.78%, check if this kernel
doing too much work for flow control or offset calculation.

    Section: Memory Access
    ------------------------------------------------------------------------- ---------------- -------------
    LSU Utilization                                                                      71.75 %              
    LSU--Global Memory Utilization                                                       70.01 %              
    LSU--Shared Memory Utilization                                                        4.08 %              
    Global Memory Load Throughput                                                       292.60 GB/s           
    Global Memory Store Throughput                                                           0 B/s            
    Shared Memory Load Throughput                                                         1.14 GB/s           
    Shared Memory Store Throughput                                                        4.57 GB/s           
    Shared Load Bank Conflict                                                                0 Conflicts      
    Shared Store Bank Conflict                                                           19200 Conflicts      
    L1VK Unit Utilization                                                                15.39 %              
    L1 Vector Cache Load Hit Rate                                                         0.00 %              
    L2 Cache Load Hit Rate                                                               75.00 %              
    L2 Cache to Memory Access                                                           117387 Requests       
    Memory Access Throughput                                                            524.11 GB/s           
    ------------------------------------------------------------------------- ---------------- -------------
    INF: Summary of Memory access operations.
    WRN: Bank Conflict --- Shared memory bank conflict happens, which caused by more than one threads accessing
the same shared memory bank at the same time. Try to avoid accessing shared memory in this way to eliminate
bank conflicts.

    Section: Scheduler Statistics
    ------------------------------------------------------------------------- ---------------- -------------
    Maximum Warps Per Scheduler(NS)                                                          8 Warps          
    Active Warps Per Scheduler(NS)                                                    3.136682 Warps          
    Eligible Warps Per Scheduler(NS)                                                  0.374764 Warps          
    Issued(Selected) Warps Per Scheduler(NS)                                          0.340398 Warps          
    Stalled Warps Per Scheduler(NS)                                                   2.781419 Warps          
    No Eligible                                                                          70.10 %              
    One or More Eligible                                                                 29.90 %              
    ------------------------------------------------------------------------- ---------------- -------------
    INF: Summary of the activities on the Schedulers(NS).
    WRN: Issue Slot Utilization --- Every scheduler is capable of issuing at most 4 instructions per cycle, but
for this kernel each scheduler only issues 0.340398 instructions to warp per cycle. This might leave
hardware resources underutilized and may lead to less optimal performance. Out of the maximum of 8 warps
per scheduler, this kernel allocates an average of 3.136682 active warps per scheduler, but only an average
of 0.374764 warps were eligible per cycle. Eligible warps are the subset of active warps that are ready to
issue their next instruction. Every cycle with no eligible warp results in no instruction being issued and
the issue slot remains unused. To increase the number of eligible warps, reduce the time the active warps
are stalled by inspecting the top stall reasons on the [Warp State Statistics] sections.

    Section: Warp State Statistics
    ------------------------------------------------------------------------- ---------------- -------------
    Avg. Active Threads Per Warp                                                         60.51 Threads        
    Warp Execution Efficiency                                                            94.55 %              
    Executed Instructions Per Warp                                                      460.75 Instructions   
    Warp Stalled by Memory Dependency                                                    71.13 %              
    Warp Stalled by Memory Throttle                                                       0.05 %              
    Warp Stalled by Pipeline Busy                                                         0.00 %              
    Warp Stalled by Execution Dependency                                                  2.03 %              
    Warp Stalled by Synchronization                                                       2.06 %              
    Warp Stalled by Insturction Fetch                                                     9.78 %              
    Warp Stalled by Other Reasons                                                         2.37 %              
    ------------------------------------------------------------------------- ---------------- -------------
    INF: Statistics of Warp state scheduled by NS.
    WRN: Memory dependency --- On average, for this kernel there are 71.13% of active warps being stalled
because a load/store cannot be made because the required resources are not available or are fully utilized,
or too many requests of a given type are outstanding. 

    Section: Instruction Statistics
    ------------------------------------------------------------------------- ---------------- -------------
    Executed IPC                                                                        0.3404 Inst/Cycle     
    Executed Instructions                                                               471808 Instructions   
    Single-Lane Memory Instructions                                                       1024 Instructions   
    Single-Lane ALU Instructions                                                        118272 Instructions   
    Single-Lane Control Flow Instructions                                                70656 Instructions   
    Multi-Lane Memory Instructions                                                       24576 Instructions   
     -Multi-Lane Global Memory Instructions                                              16896 Instructions   
     -Multi-Lane Shared Memory Instructions                                               7680 Instructions   
     -Multi-Lane SME Memory Instructions                                                     0 Instructions   
    Multi-Lane ALU Instructions                                                         257280 Instructions   
     -Multi-Lane ALU Integer Instructions                                               218112 Instructions   
     -Multi-Lane ALU Half Float Instructions                                                 0 Instructions   
     -Multi-Lane ALU Single Float Instructions                                           39168 Instructions   
     +BFU Instructions                                                                  257280 Instructions   
     +SFU Instructions                                                                       0 Instructions   
     +Multi-Lane Matrix Instructions                                                         0 Instructions   
     +Multi-Lane 4-Pass Multiply Instructions                                                0 Instructions   
    ------------------------------------------------------------------------- ---------------- -------------
    INF: Statistics of Instructions issued and executed by the kernel.

    Section: Launch Statistics
    ------------------------------------------------------------------------- ---------------- -------------
    Grid Size                                                                      [256, 1, 1]                
    Block Size                                                                     [256, 1, 1]                
    Launched Warps                                                                        1024 Warps          
    Threads                                                                              65536 Threads        
    Scalar Register                                                                         22 Registers/Warp 
    Vector Register                                                                         11 Registers/Thread
    Dynamic Shared Memory                                                                    0 Bytes/Block    
    Static Shared Memory                                                                    32 Bytes/Block    
    Local Memory                                                                             0 Bytes/Thread   
    ------------------------------------------------------------------------- ---------------- -------------
    INF: General information of Launch Statistics.

    Section: Occupancy
    ------------------------------------------------------------------------- ---------------- -------------
    Achieved Active Warps Per CU                                                         50.19 Warps          
    Achieved Occupancy                                                                   39.21 %              
    Block Limit CU                                                                         128 Blocks         
    Block Limit VRF Per CU                                                                  92 Blocks         
    Block Limit SRF Per CU                                                                  92 Blocks         
    Block Limit Shared Mem Per CU                                                          128 Blocks         
    Block Limit Warps Per CU                                                                32 Blocks         
    Theoretical Active Warps Per CU                                                        128 Warps          
    Theoretical Occupancy                                                               100.00 %              
    Waves Per CU                                                                          0.50                
    ------------------------------------------------------------------------- ---------------- -------------
    INF: Occupancy is defined as the ratio of active warps on an NR to the maximum number(8) of active warps
supported by the NR.
    INF: Occupancy Limiters --- This kernel's theoretical occupancy is not impacted by any block limit.The
difference between calculated theoretical (100.00%) and measured achieved occupancy (39.21%) can be the
result of warp scheduling overheads or workload imbalances during the kernel execution.

