==21231== IXKN-CLI is profiling process 21231, command: /root/camp/02_quant_dequant/zmuxuny/build/iluvatar/quantize --input /tmp/iluvatar-profile-nf49g2cf/input --output /tmp/iluvatar-profile-nf49g2cf/out --packed /tmp/iluvatar-profile-nf49g2cf/packed --log /root/camp/02_quant_dequant/zmuxuny/results/iluvatar/profile/counters_nvfp4_fp16/metrics.json --repeats 1 --config /root/camp/02_quant_dequant/zmuxuny/configs/nvfp4.toml 
==21231== Some kernel(s) will be replayed on device 0 in order to collect all events/metrics.
==21231== Replaying kernel "void lp::quant_vector_kernel<1, 1, 8>(void const*, unsigned char*, unsigned char*, float const*, lp::Layout)" (done)
quant=0.112458 ms dequant=0.0633654 ms CPU/GPU exact match
==21231== Profiling application: /root/camp/02_quant_dequant/zmuxuny/build/iluvatar/quantize --input /tmp/iluvatar-profile-nf49g2cf/input --output /tmp/iluvatar-profile-nf49g2cf/out --packed /tmp/iluvatar-profile-nf49g2cf/packed --log /root/camp/02_quant_dequant/zmuxuny/results/iluvatar/profile/counters_nvfp4_fp16/metrics.json --repeats 1 --config /root/camp/02_quant_dequant/zmuxuny/configs/nvfp4.toml 
==21231== Profiling result:
==21231== Section Results:
  Kernel: void lp::quant_vector_kernel<1, 1, 8>(void const*, unsigned char*, unsigned char*, float const*, lp::Layout) (1024,1,1)x(128,1,1), Context 1, Stream 1, Correlation Id 18
    Section: GPU Speed Of Light
    ------------------------------------------------------------------------- ---------------- -------------
    Duration                                                                          20311.00 Ns             
    Elapsed Cycles                                                                     2030016 Cycles         
    SPP Active Cycles                                                                  1712132 Cycles         
    Scheduler(NS) Issue Cycles                                                          848394 Cycles         
    ALU Active Cycles                                                                   888443 Cycles         
    ALU Calculate Cycles                                                                794129 Cycles         
    -ALU Calculate Cycles(Upper limit)                                                  837632 Cycles         
    -ALU Calculate Cycles(Lower limit)                                                  782336 Cycles         
    LSU Active Cycles                                                                   782949 Cycles         
    L1 Vector Cache Active Cycles                                                       262001 Cycles         
    Flop HP Efficiency                                                                  0.0000 %              
    Flop SP Efficiency                                                                  3.8278 %              
    TCU Efficiency                                                                      0.0000 %              
    L1 Read Efficiency                                                                  7.7751 %              
    L2 Read Efficiency                                                                  7.6712 %              
    Dram Read Efficiency                                                               14.6990 %              
    ------------------------------------------------------------------------- ---------------- -------------
    INF: High-level overview of the usage for compute and memory resources of the GPU.
    WRN: Latency Issue --- This kernel exhibits low compute throughput and memory bandwidth utilization relative
to the peak performance of this device.Achieved compute throughput and/or memory bandwidth below 60% of
peak typically indicate latency issues. Look at [Scheduler Statistics] and [Warp State Statistics] for
potential reasons.

    Section: Compute Workload Analysis
    ------------------------------------------------------------------------- ---------------- -------------
    Executed IPC Active                                                                 0.5993 Inst/Cycle     
    Executed IPC Elapsed                                                                0.5054 Inst/Cycle     
    SPP Activity Busy                                                                    84.34 %              
    Scheduler(NS) Issue Busy                                                             49.55 %              
    Control Flow Unit Utilization                                                        15.10 %              
    ALU Utilization                                                                      51.89 %              
    ------------------------------------------------------------------------- ---------------- -------------
    INF: Analysis of the compute resources utilization by average on all SPP.
    WRN: High Utilization --- BFU is the highest-utilized pipeline (97.36%). The pipeline is over-utilized and
likely a performance bottleneck.
    WRN: High Integer Compute --- The utilization of integer compute pipeline is 58.31%, check if this kernel
doing too much work for flow control or offset calculation.

    Section: Memory Access
    ------------------------------------------------------------------------- ---------------- -------------
    LSU Utilization                                                                      45.73 %              
    LSU--Global Memory Utilization                                                       41.41 %              
    LSU--Shared Memory Utilization                                                       21.39 %              
    Global Memory Load Throughput                                                       390.65 GB/s           
    Global Memory Store Throughput                                                       48.08 GB/s           
    Shared Memory Load Throughput                                                            0 B/s            
    Shared Memory Store Throughput                                                           0 B/s            
    Shared Load Bank Conflict                                                                0 Conflicts      
    Shared Store Bank Conflict                                                           12288 Conflicts      
    L1VK Unit Utilization                                                                15.30 %              
    L1 Vector Cache Load Hit Rate                                                        75.37 %              
    L2 Cache Load Hit Rate                                                                0.05 %              
    L2 Cache to Memory Access                                                            32769 Requests       
    Memory Access Throughput                                                             96.16 GB/s           
    ------------------------------------------------------------------------- ---------------- -------------
    INF: Summary of Memory access operations.
    WRN: Bank Conflict --- Shared memory bank conflict happens, which caused by more than one threads accessing
the same shared memory bank at the same time. Try to avoid accessing shared memory in this way to eliminate
bank conflicts.

    Section: Scheduler Statistics
    ------------------------------------------------------------------------- ---------------- -------------
    Maximum Warps Per Scheduler(NS)                                                          8 Warps          
    Active Warps Per Scheduler(NS)                                                    5.654070 Warps          
    Eligible Warps Per Scheduler(NS)                                                  1.845749 Warps          
    Issued(Selected) Warps Per Scheduler(NS)                                          0.599281 Warps          
    Stalled Warps Per Scheduler(NS)                                                   3.904626 Warps          
    No Eligible                                                                          50.45 %              
    One or More Eligible                                                                 49.55 %              
    ------------------------------------------------------------------------- ---------------- -------------
    INF: Summary of the activities on the Schedulers(NS).
    WRN: Issue Slot Utilization --- Every scheduler is capable of issuing at most 4 instructions per cycle, but
for this kernel each scheduler only issues 0.599281 instructions to warp per cycle. This might leave
hardware resources underutilized and may lead to less optimal performance. Out of the maximum of 8 warps
per scheduler, this kernel allocates an average of 5.654070 active warps per scheduler, but only an average
of 1.845749 warps were eligible per cycle. Eligible warps are the subset of active warps that are ready to
issue their next instruction. Every cycle with no eligible warp results in no instruction being issued and
the issue slot remains unused. To increase the number of eligible warps, reduce the time the active warps
are stalled by inspecting the top stall reasons on the [Warp State Statistics] sections.

    Section: Warp State Statistics
    ------------------------------------------------------------------------- ---------------- -------------
    Avg. Active Threads Per Warp                                                         59.81 Threads        
    Warp Execution Efficiency                                                            93.46 %              
    Executed Instructions Per Warp                                                      501.00 Instructions   
    Warp Stalled by Memory Dependency                                                    39.55 %              
    Warp Stalled by Memory Throttle                                                       2.37 %              
    Warp Stalled by Pipeline Busy                                                         0.65 %              
    Warp Stalled by Execution Dependency                                                  1.24 %              
    Warp Stalled by Synchronization                                                       0.00 %              
    Warp Stalled by Insturction Fetch                                                     2.90 %              
    Warp Stalled by Other Reasons                                                        13.13 %              
    ------------------------------------------------------------------------- ---------------- -------------
    INF: Statistics of Warp state scheduled by NS.
    WRN: Memory dependency --- On average, for this kernel there are 39.55% of active warps being stalled
because a load/store cannot be made because the required resources are not available or are fully utilized,
or too many requests of a given type are outstanding. 

    Section: Instruction Statistics
    ------------------------------------------------------------------------- ---------------- -------------
    Executed IPC                                                                        0.5993 Inst/Cycle     
    Executed Instructions                                                              1026048 Instructions   
    Single-Lane Memory Instructions                                                       8192 Instructions   
    Single-Lane ALU Instructions                                                        165888 Instructions   
    Single-Lane Control Flow Instructions                                                63488 Instructions   
    Multi-Lane Memory Instructions                                                       12288 Instructions   
     -Multi-Lane Global Memory Instructions                                               8192 Instructions   
     -Multi-Lane Shared Memory Instructions                                               4096 Instructions   
     -Multi-Lane SME Memory Instructions                                                     0 Instructions   
    Multi-Lane ALU Instructions                                                         776192 Instructions   
     -Multi-Lane ALU Integer Instructions                                               452608 Instructions   
     -Multi-Lane ALU Half Float Instructions                                                 0 Instructions   
     -Multi-Lane ALU Single Float Instructions                                          323584 Instructions   
     +BFU Instructions                                                                  755712 Instructions   
     +SFU Instructions                                                                   18432 Instructions   
     +Multi-Lane Matrix Instructions                                                         0 Instructions   
     +Multi-Lane 4-Pass Multiply Instructions                                             2048 Instructions   
    ------------------------------------------------------------------------- ---------------- -------------
    INF: Statistics of Instructions issued and executed by the kernel.

    Section: Launch Statistics
    ------------------------------------------------------------------------- ---------------- -------------
    Grid Size                                                                     [1024, 1, 1]                
    Block Size                                                                     [128, 1, 1]                
    Launched Warps                                                                        2048 Warps          
    Threads                                                                             131072 Threads        
    Scalar Register                                                                         34 Registers/Warp 
    Vector Register                                                                         28 Registers/Thread
    Dynamic Shared Memory                                                                    0 Bytes/Block    
    Static Shared Memory                                                                     0 Bytes/Block    
    Local Memory                                                                             4 Bytes/Thread   
    ------------------------------------------------------------------------- ---------------- -------------
    INF: General information of Launch Statistics.

    Section: Occupancy
    ------------------------------------------------------------------------- ---------------- -------------
    Achieved Active Warps Per CU                                                         90.47 Warps          
    Achieved Occupancy                                                                   70.68 %              
    Block Limit CU                                                                         128 Blocks         
    Block Limit VRF Per CU                                                                  72 Blocks         
    Block Limit SRF Per CU                                                                 120 Blocks         
    Block Limit Shared Mem Per CU                                                          128 Blocks         
    Block Limit Warps Per CU                                                                64 Blocks         
    Theoretical Active Warps Per CU                                                        128 Warps          
    Theoretical Occupancy                                                               100.00 %              
    Waves Per CU                                                                          1.00                
    ------------------------------------------------------------------------- ---------------- -------------
    INF: Occupancy is defined as the ratio of active warps on an NR to the maximum number(8) of active warps
supported by the NR.
    INF: Occupancy Limiters --- This kernel's theoretical occupancy is not impacted by any block limit.The
difference between calculated theoretical (100.00%) and measured achieved occupancy (70.68%) can be the
result of warp scheduling overheads or workload imbalances during the kernel execution.

