[mssanitizer] logging to file: ./mindstudio_sanitizer_log/mssanitizer_20260920072247_39805.log
[mssanitizer] No active sanitizer tool on kernel ascend_quant.
[mssanitizer] WARN: initcheck is not supported on the kernel that without `--cce-enable-sanitizer' compiler option, thus it's temporarily ignored.
[mssanitizer] Sanitizer finished on kernel ascend_quant. No error detected.
[mssanitizer] No active sanitizer tool on kernel ascend_quant.
[mssanitizer] WARN: initcheck is not supported on the kernel that without `--cce-enable-sanitizer' compiler option, thus it's temporarily ignored.
[mssanitizer] Sanitizer finished on kernel ascend_quant. No error detected.
[mssanitizer] No active sanitizer tool on kernel ascend_quant.
[mssanitizer] WARN: initcheck is not supported on the kernel that without `--cce-enable-sanitizer' compiler option, thus it's temporarily ignored.
[mssanitizer] Sanitizer finished on kernel ascend_quant. No error detected.
[mssanitizer] No active sanitizer tool on kernel ascend_quant.
[mssanitizer] WARN: initcheck is not supported on the kernel that without `--cce-enable-sanitizer' compiler option, thus it's temporarily ignored.
[mssanitizer] Sanitizer finished on kernel ascend_quant. No error detected.
[mssanitizer] No active sanitizer tool on kernel ascend_quant.
[mssanitizer] WARN: initcheck is not supported on the kernel that without `--cce-enable-sanitizer' compiler option, thus it's temporarily ignored.
[mssanitizer] Sanitizer finished on kernel ascend_quant. No error detected.
[mssanitizer] No active sanitizer tool on kernel ascend_dequant.
[mssanitizer] WARN: initcheck is not supported on the kernel that without `--cce-enable-sanitizer' compiler option, thus it's temporarily ignored.
[mssanitizer] Sanitizer finished on kernel ascend_dequant. No error detected.
[mssanitizer] No active sanitizer tool on kernel ascend_dequant.
[mssanitizer] WARN: initcheck is not supported on the kernel that without `--cce-enable-sanitizer' compiler option, thus it's temporarily ignored.
[mssanitizer] Sanitizer finished on kernel ascend_dequant. No error detected.
[mssanitizer] No active sanitizer tool on kernel ascend_dequant.
[mssanitizer] WARN: initcheck is not supported on the kernel that without `--cce-enable-sanitizer' compiler option, thus it's temporarily ignored.
