
**** collection configuration ****
        trace_cuda = true
        trace_osrt = false
        trace_nvtx = false
        trace_cudnn = false
        trace_cuinfer = false
        trace_video = false
        trace_power = false
        trace_temperature = false
        trace_raw_syscalls = false
        trace_proc_kthread = false
        trace_metric_sampling = false
        trace_callstack = false
        trace_mem = false
        nic_metrics = false
        event_sync = false
        filter_processes = false
        print_kernel_args = false
        application command = /root/camp/02_quant_dequant/zmuxuny/build/iluvatar/quantize
        application arguments = --input /tmp/iluvatar-profile-ym80c_4r/input --output /tmp/iluvatar-profile-ym80c_4r/out --packed /tmp/iluvatar-profile-ym80c_4r/packed --log /root/camp/02_quant_dequant/zmuxuny/results/iluvatar/profile/trace_nvfp4_fp32/metrics.json --repeats 3 --config /root/camp/02_quant_dequant/zmuxuny/configs/nvfp4.toml
quant=0.03925 ms dequant=0.0128141 ms CPU/GPU exact match

    Waiting for converting temporary file to /root/camp/02_quant_dequant/zmuxuny/results/iluvatar/profile/trace_nvfp4_fp32/trace.ixsys   [?25l.  
    Waiting for filter small slices from file /root/camp/02_quant_dequant/zmuxuny/results/iluvatar/profile/trace_nvfp4_fp32/trace.ixsys
    Waiting for inserting CUDA data from /tmp/18857/injectionDB.18882.sqlite ...

Report file /root/camp/02_quant_dequant/zmuxuny/results/iluvatar/profile/trace_nvfp4_fp32/trace.ixsys saved.[?25h

==18882== Profiling application: /root/camp/02_quant_dequant/zmuxuny/build/iluvatar/quantize --input /tmp/iluvatar-profile-ym80c_4r/input --output /tmp/iluvatar-profile-ym80c_4r/out --packed /tmp/iluvatar-profile-ym80c_4r/packed --log /root/camp/02_quant_dequant/zmuxuny/results/iluvatar/profile/trace_nvfp4_fp32/metrics.json --repeats 3 --config /root/camp/02_quant_dequant/zmuxuny/configs/nvfp4.toml 
==18882== Profiling result:
Summary data:
            Type  Time(%)      Time     Calls       Avg       Min       Max  Name
 GPU activities:   40.44%  1.1172ms         7  159.60us  155.55us  164.57us  [CUDA memcpy HtoD]
                   38.67%  1.0683ms        10  106.83us  2.1000us  148.86us  [CUDA memcpy DtoH]
                    9.78%  270.31us        12  22.526us  21.707us  24.169us  void lp::quant_vector_kernel<1, 0, 4>(void const*, unsigned char*, unsigned char*, float const*, lp::Layout)
                    5.27%  145.63us        12  12.136us  11.530us  12.923us  lp::maximum(void const*, unsigned long, int, float*)
                    4.93%  136.24us        12  11.353us  10.865us  11.784us  void lp::dequant_vector_kernel<1, 0, 4>(unsigned char const*, unsigned char const*, float, void*, lp::Layout)
                    0.88%  24.443us        13  1.8800us  1.8610us  1.9300us  [CUDA memset]

