[mssanitizer] logging to file: ./mindstudio_sanitizer_log/mssanitizer_20260920073321_58037.log
[mssanitizer] Start memcheck sanitizer on kernel ascend_had
[mssanitizer] Sanitizer finished on kernel ascend_had. No error detected.
[mssanitizer] Start memcheck sanitizer on kernel ascend_had
[mssanitizer] Sanitizer finished on kernel ascend_had. No error detected.
[mssanitizer] Start memcheck sanitizer on kernel ascend_had
[mssanitizer] Sanitizer finished on kernel ascend_had. No error detected.
[mssanitizer] Start memcheck sanitizer on kernel ascend_had
[mssanitizer] Sanitizer finished on kernel ascend_had. No error detected.
[mssanitizer] Start memcheck sanitizer on kernel ascend_had
[mssanitizer] Sanitizer finished on kernel ascend_had. No error detected.
[mssanitizer] Start memcheck sanitizer on kernel ascend_had
[mssanitizer] Sanitizer finished on kernel ascend_had. No error detected.
[mssanitizer] Start memcheck sanitizer on kernel ascend_amax
[mssanitizer] Sanitizer finished on kernel ascend_amax. No error detected.
[mssanitizer] Start memcheck sanitizer on kernel ascend_max_finish
[mssanitizer] Sanitizer finished on kernel ascend_max_finish. No error detected.
[mssanitizer] Start memcheck sanitizer on kernel ascend_quant
[mssanitizer] Sanitizer finished on kernel ascend_quant. No error detected.
[mssanitizer] Start memcheck sanitizer on kernel ascend_had
[mssanitizer] Sanitizer finished on kernel ascend_had. No error detected.
[mssanitizer] Start memcheck sanitizer on kernel ascend_amax
[mssanitizer] Sanitizer finished on kernel ascend_amax. No error detected.
[mssanitizer] Start memcheck sanitizer on kernel ascend_max_finish
[mssanitizer] Sanitizer finished on kernel ascend_max_finish. No error detected.
[mssanitizer] Start memcheck sanitizer on kernel ascend_quant
[mssanitizer] Sanitizer finished on kernel ascend_quant. No error detected.
[mssanitizer] Start memcheck sanitizer on kernel ascend_had
[mssanitizer] Sanitizer finished on kernel ascend_had. No error detected.
[mssanitizer] Start memcheck sanitizer on kernel ascend_amax
[mssanitizer] Sanitizer finished on kernel ascend_amax. No error detected.
[mssanitizer] Start memcheck sanitizer on kernel ascend_max_finish
[mssanitizer] Sanitizer finished on kernel ascend_max_finish. No error detected.
[mssanitizer] Start memcheck sanitizer on kernel ascend_quant
[mssanitizer] Sanitizer finished on kernel ascend_quant. No error detected.
[mssanitizer] Start memcheck sanitizer on kernel ascend_had
[mssanitizer] Sanitizer finished on kernel ascend_had. No error detected.
[mssanitizer] Start memcheck sanitizer on kernel ascend_amax
[mssanitizer] Sanitizer finished on kernel ascend_amax. No error detected.
[mssanitizer] Start memcheck sanitizer on kernel ascend_max_finish
[mssanitizer] Sanitizer finished on kernel ascend_max_finish. No error detected.
[mssanitizer] Start memcheck sanitizer on kernel ascend_quant
[mssanitizer] Sanitizer finished on kernel ascend_quant. No error detected.
[mssanitizer] Start memcheck sanitizer on kernel ascend_had
[mssanitizer] Sanitizer finished on kernel ascend_had. No error detected.
[mssanitizer] Start memcheck sanitizer on kernel ascend_amax
[mssanitizer] Sanitizer finished on kernel ascend_amax. No error detected.
[mssanitizer] Start memcheck sanitizer on kernel ascend_max_finish
[mssanitizer] Sanitizer finished on kernel ascend_max_finish. No error detected.
[mssanitizer] Start memcheck sanitizer on kernel ascend_quant
[mssanitizer] Sanitizer finished on kernel ascend_quant. No error detected.
[mssanitizer] Start memcheck sanitizer on kernel ascend_had
[mssanitizer] Sanitizer finished on kernel ascend_had. No error detected.
[mssanitizer] Start memcheck sanitizer on kernel ascend_max_finish
[mssanitizer] Sanitizer finished on kernel ascend_max_finish. No error detected.
[mssanitizer] Start memcheck sanitizer on kernel ascend_had
[mssanitizer] Sanitizer finished on kernel ascend_had. No error detected.
[mssanitizer] Start memcheck sanitizer on kernel ascend_had
[mssanitizer] Sanitizer finished on kernel ascend_had. No error detected.
[mssanitizer] Start memcheck sanitizer on kernel ascend_max_finish
[mssanitizer] Sanitizer finished on kernel ascend_max_finish. No error detected.
[mssanitizer] Start memcheck sanitizer on kernel ascend_had
[mssanitizer] Sanitizer finished on kernel ascend_had. No error detected.
[mssanitizer] Start memcheck sanitizer on kernel ascend_had
[mssanitizer] Sanitizer finished on kernel ascend_had. No error detected.
[mssanitizer] Start memcheck sanitizer on kernel ascend_max_finish
[mssanitizer] Sanitizer finished on kernel ascend_max_finish. No error detected.
[mssanitizer] Start memcheck sanitizer on kernel ascend_had
[mssanitizer] Sanitizer finished on kernel ascend_had. No error detected.
[mssanitizer] Start memcheck sanitizer on kernel ascend_had
[mssanitizer] Sanitizer finished on kernel ascend_had. No error detected.
[mssanitizer] Start memcheck sanitizer on kernel ascend_max_finish
[mssanitizer] Sanitizer finished on kernel ascend_max_finish. No error detected.
[mssanitizer] Start memcheck sanitizer on kernel ascend_had
[mssanitizer] Sanitizer finished on kernel ascend_had. No error detected.
[mssanitizer] Start memcheck sanitizer on kernel ascend_had
[mssanitizer] Sanitizer finished on kernel ascend_had. No error detected.
[mssanitizer] Start memcheck sanitizer on kernel ascend_max_finish
[mssanitizer] Sanitizer finished on kernel ascend_max_finish. No error detected.
[mssanitizer] Start memcheck sanitizer on kernel ascend_had
[mssanitizer] Sanitizer finished on kernel ascend_had. No error detected.
[mssanitizer] Start memcheck sanitizer on kernel ascend_had
[mssanitizer] Sanitizer finished on kernel ascend_had. No error detected.
[mssanitizer] Start memcheck sanitizer on kernel ascend_had
[mssanitizer] Sanitizer finished on kernel ascend_had. No error detected.
[mssanitizer] Start memcheck sanitizer on kernel ascend_had
[mssanitizer] Sanitizer finished on kernel ascend_had. No error detected.
[mssanitizer] Start memcheck sanitizer on kernel ascend_had
[mssanitizer] Sanitizer finished on kernel ascend_had. No error detected.
[mssanitizer] Start memcheck sanitizer on kernel ascend_had
[mssanitizer] Sanitizer finished on kernel ascend_had. No error detected.
[mssanitizer] Start memcheck sanitizer on kernel ascend_prepare
[mssanitizer] Sanitizer finished on kernel ascend_prepare. No error detected.
[mssanitizer] Start memcheck sanitizer on kernel ascend_cube
[mssanitizer] Sanitizer finished on kernel ascend_cube. No error detected.
[mssanitizer] Start memcheck sanitizer on kernel ascend_had
[mssanitizer] Sanitizer finished on kernel ascend_had. No error detected.
[mssanitizer] Start memcheck sanitizer on kernel ascend_prepare
[mssanitizer] Sanitizer finished on kernel ascend_prepare. No error detected.
[mssanitizer] Start memcheck sanitizer on kernel ascend_cube
[mssanitizer] Sanitizer finished on kernel ascend_cube. No error detected.
[mssanitizer] Start memcheck sanitizer on kernel ascend_had
[mssanitizer] Sanitizer finished on kernel ascend_had. No error detected.
[mssanitizer] Start memcheck sanitizer on kernel ascend_prepare
[mssanitizer] Sanitizer finished on kernel ascend_prepare. No error detected.
[mssanitizer] Start memcheck sanitizer on kernel ascend_cube
[mssanitizer] Sanitizer finished on kernel ascend_cube. No error detected.
[mssanitizer] Start memcheck sanitizer on kernel ascend_had
[mssanitizer] Sanitizer finished on kernel ascend_had. No error detected.
[mssanitizer] Start memcheck sanitizer on kernel ascend_prepare
[mssanitizer] Sanitizer finished on kernel ascend_prepare. No error detected.
[mssanitizer] Start memcheck sanitizer on kernel ascend_cube
[mssanitizer] Sanitizer finished on kernel ascend_cube. No error detected.
[mssanitizer] Start memcheck sanitizer on kernel ascend_had
[mssanitizer] Sanitizer finished on kernel ascend_had. No error detected.
[mssanitizer] Start memcheck sanitizer on kernel ascend_prepare
[mssanitizer] Sanitizer finished on kernel ascend_prepare. No error detected.
[mssanitizer] Start memcheck sanitizer on kernel ascend_cube
[mssanitizer] Sanitizer finished on kernel ascend_cube. No error detected.
[mssanitizer] Start memcheck sanitizer on kernel ascend_had
[mssanitizer] Sanitizer finished on kernel ascend_had. No error detected.
[mssanitizer] Start memcheck sanitizer on kernel ascend_prepare
[mssanitizer] Sanitizer finished on kernel ascend_prepare. No error detected.
[mssanitizer] Start memcheck sanitizer on kernel ascend_cube
[mssanitizer] Sanitizer finished on kernel ascend_cube. No error detected.
[mssanitizer] Start memcheck sanitizer on kernel ascend_had
[mssanitizer] Sanitizer finished on kernel ascend_had. No error detected.
[mssanitizer] Start memcheck sanitizer on kernel ascend_amax
[mssanitizer] Sanitizer finished on kernel ascend_amax. No error detected.
[mssanitizer] Start memcheck sanitizer on kernel ascend_max_finish
[mssanitizer] Sanitizer finished on kernel ascend_max_finish. No error detected.
[mssanitizer] Start memcheck sanitizer on kernel ascend_quant
[mssanitizer] Sanitizer finished on kernel ascend_quant. No error detected.
[mssanitizer] Start memcheck sanitizer on kernel ascend_prepare
[mssanitizer] Sanitizer finished on kernel ascend_prepare. No error detected.
[mssanitizer] Start memcheck sanitizer on kernel ascend_cube
[mssanitizer] Sanitizer finished on kernel ascend_cube. No error detected.
[mssanitizer] Start memcheck sanitizer on kernel ascend_had
[mssanitizer] Sanitizer finished on kernel ascend_had. No error detected.
[mssanitizer] Start memcheck sanitizer on kernel ascend_amax
[mssanitizer] Sanitizer finished on kernel ascend_amax. No error detected.
[mssanitizer] Start memcheck sanitizer on kernel ascend_max_finish
[mssanitizer] Sanitizer finished on kernel ascend_max_finish. No error detected.
[mssanitizer] Start memcheck sanitizer on kernel ascend_quant
[mssanitizer] Sanitizer finished on kernel ascend_quant. No error detected.
[mssanitizer] Start memcheck sanitizer on kernel ascend_prepare
[mssanitizer] Sanitizer finished on kernel ascend_prepare. No error detected.
[mssanitizer] Start memcheck sanitizer on kernel ascend_cube
[mssanitizer] Sanitizer finished on kernel ascend_cube. No error detected.
[mssanitizer] Start memcheck sanitizer on kernel ascend_had
[mssanitizer] Sanitizer finished on kernel ascend_had. No error detected.
[mssanitizer] Start memcheck sanitizer on kernel ascend_amax
[mssanitizer] Sanitizer finished on kernel ascend_amax. No error detected.
[mssanitizer] Start memcheck sanitizer on kernel ascend_max_finish
[mssanitizer] Sanitizer finished on kernel ascend_max_finish. No error detected.
[mssanitizer] Start memcheck sanitizer on kernel ascend_quant
[mssanitizer] Sanitizer finished on kernel ascend_quant. No error detected.
[mssanitizer] Start memcheck sanitizer on kernel ascend_prepare
[mssanitizer] Sanitizer finished on kernel ascend_prepare. No error detected.
[mssanitizer] Start memcheck sanitizer on kernel ascend_cube
[mssanitizer] Sanitizer finished on kernel ascend_cube. No error detected.
[mssanitizer] Start memcheck sanitizer on kernel ascend_had
[mssanitizer] Sanitizer finished on kernel ascend_had. No error detected.
[mssanitizer] Start memcheck sanitizer on kernel ascend_amax
[mssanitizer] Sanitizer finished on kernel ascend_amax. No error detected.
[mssanitizer] Start memcheck sanitizer on kernel ascend_max_finish
[mssanitizer] Sanitizer finished on kernel ascend_max_finish. No error detected.
[mssanitizer] Start memcheck sanitizer on kernel ascend_quant
[mssanitizer] Sanitizer finished on kernel ascend_quant. No error detected.
[mssanitizer] Start memcheck sanitizer on kernel ascend_prepare
[mssanitizer] Sanitizer finished on kernel ascend_prepare. No error detected.
[mssanitizer] Start memcheck sanitizer on kernel ascend_cube
[mssanitizer] Sanitizer finished on kernel ascend_cube. No error detected.
[mssanitizer] Start memcheck sanitizer on kernel ascend_had
[mssanitizer] Sanitizer finished on kernel ascend_had. No error detected.
[mssanitizer] Start memcheck sanitizer on kernel ascend_amax
[mssanitizer] Sanitizer finished on kernel ascend_amax. No error detected.
[mssanitizer] Start memcheck sanitizer on kernel ascend_max_finish
[mssanitizer] Sanitizer finished on kernel ascend_max_finish. No error detected.
[mssanitizer] Start memcheck sanitizer on kernel ascend_quant
[mssanitizer] Sanitizer finished on kernel ascend_quant. No error detected.
[mssanitizer] Start memcheck sanitizer on kernel ascend_prepare
[mssanitizer] Sanitizer finished on kernel ascend_prepare. No error detected.
[mssanitizer] Start memcheck sanitizer on kernel ascend_cube
[mssanitizer] Sanitizer finished on kernel ascend_cube. No error detected.
[mssanitizer] Start memcheck sanitizer on kernel ascend_had
[mssanitizer] Sanitizer finished on kernel ascend_had. No error detected.
[mssanitizer] Start memcheck sanitizer on kernel ascend_max_finish
[mssanitizer] Sanitizer finished on kernel ascend_max_finish. No error detected.
[mssanitizer] Start memcheck sanitizer on kernel ascend_had
[mssanitizer] Sanitizer finished on kernel ascend_had. No error detected.
[mssanitizer] Start memcheck sanitizer on kernel ascend_prepare
[mssanitizer] Sanitizer finished on kernel ascend_prepare. No error detected.
[mssanitizer] Start memcheck sanitizer on kernel ascend_cube
[mssanitizer] Sanitizer finished on kernel ascend_cube. No error detected.
[mssanitizer] Start memcheck sanitizer on kernel ascend_had
[mssanitizer] Sanitizer finished on kernel ascend_had. No error detected.
[mssanitizer] Start memcheck sanitizer on kernel ascend_max_finish
[mssanitizer] Sanitizer finished on kernel ascend_max_finish. No error detected.
[mssanitizer] Start memcheck sanitizer on kernel ascend_had
[mssanitizer] Sanitizer finished on kernel ascend_had. No error detected.
[mssanitizer] Start memcheck sanitizer on kernel ascend_prepare
[mssanitizer] Sanitizer finished on kernel ascend_prepare. No error detected.
[mssanitizer] Start memcheck sanitizer on kernel ascend_cube
[mssanitizer] Sanitizer finished on kernel ascend_cube. No error detected.
[mssanitizer] Start memcheck sanitizer on kernel ascend_had
[mssanitizer] Sanitizer finished on kernel ascend_had. No error detected.
[mssanitizer] Start memcheck sanitizer on kernel ascend_max_finish
[mssanitizer] Sanitizer finished on kernel ascend_max_finish. No error detected.
[mssanitizer] Start memcheck sanitizer on kernel ascend_had
[mssanitizer] Sanitizer finished on kernel ascend_had. No error detected.
[mssanitizer] Start memcheck sanitizer on kernel ascend_prepare
[mssanitizer] Sanitizer finished on kernel ascend_prepare. No error detected.
[mssanitizer] Start memcheck sanitizer on kernel ascend_cube
[mssanitizer] Sanitizer finished on kernel ascend_cube. No error detected.
[mssanitizer] Start memcheck sanitizer on kernel ascend_had
[mssanitizer] Sanitizer finished on kernel ascend_had. No error detected.
[mssanitizer] Start memcheck sanitizer on kernel ascend_max_finish
[mssanitizer] Sanitizer finished on kernel ascend_max_finish. No error detected.
[mssanitizer] Start memcheck sanitizer on kernel ascend_had
[mssanitizer] Sanitizer finished on kernel ascend_had. No error detected.
[mssanitizer] Start memcheck sanitizer on kernel ascend_prepare
[mssanitizer] Sanitizer finished on kernel ascend_prepare. No error detected.
[mssanitizer] Start memcheck sanitizer on kernel ascend_cube
[mssanitizer] Sanitizer finished on kernel ascend_cube. No error detected.
[mssanitizer] Start memcheck sanitizer on kernel ascend_had
[mssanitizer] Sanitizer finished on kernel ascend_had. No error detected.
[mssanitizer] Start memcheck sanitizer on kernel ascend_max_finish
[mssanitizer] Sanitizer finished on kernel ascend_max_finish. No error detected.
[mssanitizer] Start memcheck sanitizer on kernel ascend_had
[mssanitizer] Sanitizer finished on kernel ascend_had. No error detected.
[mssanitizer] Start memcheck sanitizer on kernel ascend_prepare
[mssanitizer] Sanitizer finished on kernel ascend_prepare. No error detected.
[mssanitizer] Start memcheck sanitizer on kernel ascend_cube
[mssanitizer] Sanitizer finished on kernel ascend_cube. No error detected.
[mssanitizer] Start memcheck sanitizer on kernel ascend_had
[mssanitizer] Sanitizer finished on kernel ascend_had. No error detected.
[mssanitizer] Start memcheck sanitizer on kernel ascend_max_finish
[mssanitizer] Sanitizer finished on kernel ascend_max_finish. No error detected.
[mssanitizer] Start memcheck sanitizer on kernel ascend_quant
[mssanitizer] Sanitizer finished on kernel ascend_quant. No error detected.
[mssanitizer] Start memcheck sanitizer on kernel ascend_prepare
[mssanitizer] Sanitizer finished on kernel ascend_prepare. No error detected.
[mssanitizer] Start memcheck sanitizer on kernel ascend_cube
[mssanitizer] Sanitizer finished on kernel ascend_cube. No error detected.
[mssanitizer] Start memcheck sanitizer on kernel ascend_had
[mssanitizer] Sanitizer finished on kernel ascend_had. No error detected.
[mssanitizer] Start memcheck sanitizer on kernel ascend_max_finish
[mssanitizer] Sanitizer finished on kernel ascend_max_finish. No error detected.
[mssanitizer] Start memcheck sanitizer on kernel ascend_quant
[mssanitizer] Sanitizer finished on kernel ascend_quant. No error detected.
[mssanitizer] Start memcheck sanitizer on kernel ascend_prepare
[mssanitizer] Sanitizer finished on kernel ascend_prepare. No error detected.
[mssanitizer] Start memcheck sanitizer on kernel ascend_cube
[mssanitizer] Sanitizer finished on kernel ascend_cube. No error detected.
[mssanitizer] Start memcheck sanitizer on kernel ascend_had
[mssanitizer] Sanitizer finished on kernel ascend_had. No error detected.
[mssanitizer] Start memcheck sanitizer on kernel ascend_max_finish
[mssanitizer] Sanitizer finished on kernel ascend_max_finish. No error detected.
[mssanitizer] Start memcheck sanitizer on kernel ascend_quant
[mssanitizer] Sanitizer finished on kernel ascend_quant. No error detected.
[mssanitizer] Start memcheck sanitizer on kernel ascend_prepare
[mssanitizer] Sanitizer finished on kernel ascend_prepare. No error detected.
[mssanitizer] Start memcheck sanitizer on kernel ascend_cube
[mssanitizer] Sanitizer finished on kernel ascend_cube. No error detected.
[mssanitizer] Start memcheck sanitizer on kernel ascend_had
[mssanitizer] Sanitizer finished on kernel ascend_had. No error detected.
[mssanitizer] Start memcheck sanitizer on kernel ascend_max_finish
[mssanitizer] Sanitizer finished on kernel ascend_max_finish. No error detected.
[mssanitizer] Start memcheck sanitizer on kernel ascend_quant
[mssanitizer] Sanitizer finished on kernel ascend_quant. No error detected.
[mssanitizer] Start memcheck sanitizer on kernel ascend_prepare
[mssanitizer] Sanitizer finished on kernel ascend_prepare. No error detected.
[mssanitizer] Start memcheck sanitizer on kernel ascend_cube
[mssanitizer] Sanitizer finished on kernel ascend_cube. No error detected.
[mssanitizer] Start memcheck sanitizer on kernel ascend_had
[mssanitizer] Sanitizer finished on kernel ascend_had. No error detected.
[mssanitizer] Start memcheck sanitizer on kernel ascend_max_finish
[mssanitizer] Sanitizer finished on kernel ascend_max_finish. No error detected.
[mssanitizer] Start memcheck sanitizer on kernel ascend_quant
[mssanitizer] Sanitizer finished on kernel ascend_quant. No error detected.
Hadamard=293.771 ms fused=738.746 ms unfused=650.165 ms; packed equal
